<?xml version="1.0"?>
<link_info>
   <banner>TI ARM Linker Unix v16.9.0.LTS</banner>
   <copyright>Copyright (c) 1996-2015 Texas Instruments Incorporated</copyright>
   <link_time>0x587e28e6</link_time>
   <link_errors>0x0</link_errors>
   <output_file>EmbeddedUSB.out</output_file>
   <entry_point>
      <name>_c_int00</name>
      <address>0xfdd1</address>
   </entry_point>
   <input_file_list>
      <input_file id="fl-2">
         <path>./</path>
         <kind>object</kind>
         <file>fft.obj</file>
         <name>fft.obj</name>
      </input_file>
      <input_file id="fl-3">
         <path>./</path>
         <kind>object</kind>
         <file>fir.obj</file>
         <name>fir.obj</name>
      </input_file>
      <input_file id="fl-4">
         <path>./</path>
         <kind>object</kind>
         <file>fix_fft.obj</file>
         <name>fix_fft.obj</name>
      </input_file>
      <input_file id="fl-5">
         <path>./</path>
         <kind>object</kind>
         <file>main.obj</file>
         <name>main.obj</name>
      </input_file>
      <input_file id="fl-6">
         <path>./</path>
         <kind>object</kind>
         <file>tm4c123gh6pm_startup_ccs.obj</file>
         <name>tm4c123gh6pm_startup_ccs.obj</name>
      </input_file>
      <input_file id="fl-7">
         <path>./</path>
         <kind>object</kind>
         <file>usbDiskController.obj</file>
         <name>usbDiskController.obj</name>
      </input_file>
      <input_file id="fl-8">
         <path>./driverlib/</path>
         <kind>object</kind>
         <file>adc.obj</file>
         <name>adc.obj</name>
      </input_file>
      <input_file id="fl-9">
         <path>./driverlib/</path>
         <kind>object</kind>
         <file>aes.obj</file>
         <name>aes.obj</name>
      </input_file>
      <input_file id="fl-a">
         <path>./driverlib/</path>
         <kind>object</kind>
         <file>can.obj</file>
         <name>can.obj</name>
      </input_file>
      <input_file id="fl-b">
         <path>./driverlib/</path>
         <kind>object</kind>
         <file>comp.obj</file>
         <name>comp.obj</name>
      </input_file>
      <input_file id="fl-c">
         <path>./driverlib/</path>
         <kind>object</kind>
         <file>cpu.obj</file>
         <name>cpu.obj</name>
      </input_file>
      <input_file id="fl-d">
         <path>./driverlib/</path>
         <kind>object</kind>
         <file>crc.obj</file>
         <name>crc.obj</name>
      </input_file>
      <input_file id="fl-e">
         <path>./driverlib/</path>
         <kind>object</kind>
         <file>des.obj</file>
         <name>des.obj</name>
      </input_file>
      <input_file id="fl-f">
         <path>./driverlib/</path>
         <kind>object</kind>
         <file>eeprom.obj</file>
         <name>eeprom.obj</name>
      </input_file>
      <input_file id="fl-10">
         <path>./driverlib/</path>
         <kind>object</kind>
         <file>emac.obj</file>
         <name>emac.obj</name>
      </input_file>
      <input_file id="fl-11">
         <path>./driverlib/</path>
         <kind>object</kind>
         <file>epi.obj</file>
         <name>epi.obj</name>
      </input_file>
      <input_file id="fl-12">
         <path>./driverlib/</path>
         <kind>object</kind>
         <file>epi_workaround_ccs.obj</file>
         <name>epi_workaround_ccs.obj</name>
      </input_file>
      <input_file id="fl-13">
         <path>./driverlib/</path>
         <kind>object</kind>
         <file>flash.obj</file>
         <name>flash.obj</name>
      </input_file>
      <input_file id="fl-14">
         <path>./driverlib/</path>
         <kind>object</kind>
         <file>fpu.obj</file>
         <name>fpu.obj</name>
      </input_file>
      <input_file id="fl-15">
         <path>./driverlib/</path>
         <kind>object</kind>
         <file>gpio.obj</file>
         <name>gpio.obj</name>
      </input_file>
      <input_file id="fl-16">
         <path>./driverlib/</path>
         <kind>object</kind>
         <file>hibernate.obj</file>
         <name>hibernate.obj</name>
      </input_file>
      <input_file id="fl-17">
         <path>./driverlib/</path>
         <kind>object</kind>
         <file>i2c.obj</file>
         <name>i2c.obj</name>
      </input_file>
      <input_file id="fl-18">
         <path>./driverlib/</path>
         <kind>object</kind>
         <file>interrupt.obj</file>
         <name>interrupt.obj</name>
      </input_file>
      <input_file id="fl-19">
         <path>./driverlib/</path>
         <kind>object</kind>
         <file>lcd.obj</file>
         <name>lcd.obj</name>
      </input_file>
      <input_file id="fl-1a">
         <path>./driverlib/</path>
         <kind>object</kind>
         <file>mpu.obj</file>
         <name>mpu.obj</name>
      </input_file>
      <input_file id="fl-1b">
         <path>./driverlib/</path>
         <kind>object</kind>
         <file>pwm.obj</file>
         <name>pwm.obj</name>
      </input_file>
      <input_file id="fl-1c">
         <path>./driverlib/</path>
         <kind>object</kind>
         <file>qei.obj</file>
         <name>qei.obj</name>
      </input_file>
      <input_file id="fl-1d">
         <path>./driverlib/</path>
         <kind>object</kind>
         <file>shamd5.obj</file>
         <name>shamd5.obj</name>
      </input_file>
      <input_file id="fl-1e">
         <path>./driverlib/</path>
         <kind>object</kind>
         <file>ssi.obj</file>
         <name>ssi.obj</name>
      </input_file>
      <input_file id="fl-1f">
         <path>./driverlib/</path>
         <kind>object</kind>
         <file>sw_crc.obj</file>
         <name>sw_crc.obj</name>
      </input_file>
      <input_file id="fl-20">
         <path>./driverlib/</path>
         <kind>object</kind>
         <file>sysctl.obj</file>
         <name>sysctl.obj</name>
      </input_file>
      <input_file id="fl-21">
         <path>./driverlib/</path>
         <kind>object</kind>
         <file>sysexc.obj</file>
         <name>sysexc.obj</name>
      </input_file>
      <input_file id="fl-22">
         <path>./driverlib/</path>
         <kind>object</kind>
         <file>systick.obj</file>
         <name>systick.obj</name>
      </input_file>
      <input_file id="fl-23">
         <path>./driverlib/</path>
         <kind>object</kind>
         <file>timer.obj</file>
         <name>timer.obj</name>
      </input_file>
      <input_file id="fl-24">
         <path>./driverlib/</path>
         <kind>object</kind>
         <file>uart.obj</file>
         <name>uart.obj</name>
      </input_file>
      <input_file id="fl-25">
         <path>./driverlib/</path>
         <kind>object</kind>
         <file>udma.obj</file>
         <name>udma.obj</name>
      </input_file>
      <input_file id="fl-26">
         <path>./driverlib/</path>
         <kind>object</kind>
         <file>usb.obj</file>
         <name>usb.obj</name>
      </input_file>
      <input_file id="fl-27">
         <path>./driverlib/</path>
         <kind>object</kind>
         <file>watchdog.obj</file>
         <name>watchdog.obj</name>
      </input_file>
      <input_file id="fl-28">
         <path>./fatfs/src/</path>
         <kind>object</kind>
         <file>diskio.obj</file>
         <name>diskio.obj</name>
      </input_file>
      <input_file id="fl-29">
         <path>./fatfs/src/</path>
         <kind>object</kind>
         <file>ff.obj</file>
         <name>ff.obj</name>
      </input_file>
      <input_file id="fl-2a">
         <path>./fatfs/src/</path>
         <kind>object</kind>
         <file>usbdisk.obj</file>
         <name>usbdisk.obj</name>
      </input_file>
      <input_file id="fl-2b">
         <path>./usblib/device/</path>
         <kind>object</kind>
         <file>usbdaudio.obj</file>
         <name>usbdaudio.obj</name>
      </input_file>
      <input_file id="fl-2c">
         <path>./usblib/device/</path>
         <kind>object</kind>
         <file>usbdbulk.obj</file>
         <name>usbdbulk.obj</name>
      </input_file>
      <input_file id="fl-2d">
         <path>./usblib/device/</path>
         <kind>object</kind>
         <file>usbdcdc.obj</file>
         <name>usbdcdc.obj</name>
      </input_file>
      <input_file id="fl-2e">
         <path>./usblib/device/</path>
         <kind>object</kind>
         <file>usbdcdesc.obj</file>
         <name>usbdcdesc.obj</name>
      </input_file>
      <input_file id="fl-2f">
         <path>./usblib/device/</path>
         <kind>object</kind>
         <file>usbdcomp.obj</file>
         <name>usbdcomp.obj</name>
      </input_file>
      <input_file id="fl-30">
         <path>./usblib/device/</path>
         <kind>object</kind>
         <file>usbdconfig.obj</file>
         <name>usbdconfig.obj</name>
      </input_file>
      <input_file id="fl-31">
         <path>./usblib/device/</path>
         <kind>object</kind>
         <file>usbddfu-rt.obj</file>
         <name>usbddfu-rt.obj</name>
      </input_file>
      <input_file id="fl-32">
         <path>./usblib/device/</path>
         <kind>object</kind>
         <file>usbdenum.obj</file>
         <name>usbdenum.obj</name>
      </input_file>
      <input_file id="fl-33">
         <path>./usblib/device/</path>
         <kind>object</kind>
         <file>usbdhandler.obj</file>
         <name>usbdhandler.obj</name>
      </input_file>
      <input_file id="fl-34">
         <path>./usblib/device/</path>
         <kind>object</kind>
         <file>usbdhid.obj</file>
         <name>usbdhid.obj</name>
      </input_file>
      <input_file id="fl-35">
         <path>./usblib/device/</path>
         <kind>object</kind>
         <file>usbdhidgamepad.obj</file>
         <name>usbdhidgamepad.obj</name>
      </input_file>
      <input_file id="fl-36">
         <path>./usblib/device/</path>
         <kind>object</kind>
         <file>usbdhidkeyb.obj</file>
         <name>usbdhidkeyb.obj</name>
      </input_file>
      <input_file id="fl-37">
         <path>./usblib/device/</path>
         <kind>object</kind>
         <file>usbdhidmouse.obj</file>
         <name>usbdhidmouse.obj</name>
      </input_file>
      <input_file id="fl-38">
         <path>./usblib/device/</path>
         <kind>object</kind>
         <file>usbdmsc.obj</file>
         <name>usbdmsc.obj</name>
      </input_file>
      <input_file id="fl-39">
         <path>./usblib/host/</path>
         <kind>object</kind>
         <file>usbhaudio.obj</file>
         <name>usbhaudio.obj</name>
      </input_file>
      <input_file id="fl-3a">
         <path>./usblib/host/</path>
         <kind>object</kind>
         <file>usbhhid.obj</file>
         <name>usbhhid.obj</name>
      </input_file>
      <input_file id="fl-3b">
         <path>./usblib/host/</path>
         <kind>object</kind>
         <file>usbhhidkeyboard.obj</file>
         <name>usbhhidkeyboard.obj</name>
      </input_file>
      <input_file id="fl-3c">
         <path>./usblib/host/</path>
         <kind>object</kind>
         <file>usbhhidmouse.obj</file>
         <name>usbhhidmouse.obj</name>
      </input_file>
      <input_file id="fl-3d">
         <path>./usblib/host/</path>
         <kind>object</kind>
         <file>usbhhub.obj</file>
         <name>usbhhub.obj</name>
      </input_file>
      <input_file id="fl-3e">
         <path>./usblib/host/</path>
         <kind>object</kind>
         <file>usbhmsc.obj</file>
         <name>usbhmsc.obj</name>
      </input_file>
      <input_file id="fl-3f">
         <path>./usblib/host/</path>
         <kind>object</kind>
         <file>usbhostenum.obj</file>
         <name>usbhostenum.obj</name>
      </input_file>
      <input_file id="fl-40">
         <path>./usblib/host/</path>
         <kind>object</kind>
         <file>usbhscsi.obj</file>
         <name>usbhscsi.obj</name>
      </input_file>
      <input_file id="fl-41">
         <path>./usblib/</path>
         <kind>object</kind>
         <file>usbbuffer.obj</file>
         <name>usbbuffer.obj</name>
      </input_file>
      <input_file id="fl-42">
         <path>./usblib/</path>
         <kind>object</kind>
         <file>usbdesc.obj</file>
         <name>usbdesc.obj</name>
      </input_file>
      <input_file id="fl-43">
         <path>./usblib/</path>
         <kind>object</kind>
         <file>usbdma.obj</file>
         <name>usbdma.obj</name>
      </input_file>
      <input_file id="fl-44">
         <path>./usblib/</path>
         <kind>object</kind>
         <file>usbkeyboardmap.obj</file>
         <name>usbkeyboardmap.obj</name>
      </input_file>
      <input_file id="fl-45">
         <path>./usblib/</path>
         <kind>object</kind>
         <file>usbmode.obj</file>
         <name>usbmode.obj</name>
      </input_file>
      <input_file id="fl-46">
         <path>./usblib/</path>
         <kind>object</kind>
         <file>usbringbuf.obj</file>
         <name>usbringbuf.obj</name>
      </input_file>
      <input_file id="fl-47">
         <path>./usblib/</path>
         <kind>object</kind>
         <file>usbtick.obj</file>
         <name>usbtick.obj</name>
      </input_file>
      <input_file id="fl-48">
         <path>./usblib/</path>
         <kind>object</kind>
         <file>usbulpi.obj</file>
         <name>usbulpi.obj</name>
      </input_file>
      <input_file id="fl-49">
         <path>./utils/</path>
         <kind>object</kind>
         <file>cmdline.obj</file>
         <name>cmdline.obj</name>
      </input_file>
      <input_file id="fl-4a">
         <path>./utils/</path>
         <kind>object</kind>
         <file>cpu_usage.obj</file>
         <name>cpu_usage.obj</name>
      </input_file>
      <input_file id="fl-4b">
         <path>./utils/</path>
         <kind>object</kind>
         <file>flash_pb.obj</file>
         <name>flash_pb.obj</name>
      </input_file>
      <input_file id="fl-4c">
         <path>./utils/</path>
         <kind>object</kind>
         <file>isqrt.obj</file>
         <name>isqrt.obj</name>
      </input_file>
      <input_file id="fl-4d">
         <path>./utils/</path>
         <kind>object</kind>
         <file>random.obj</file>
         <name>random.obj</name>
      </input_file>
      <input_file id="fl-4e">
         <path>./utils/</path>
         <kind>object</kind>
         <file>ringbuf.obj</file>
         <name>ringbuf.obj</name>
      </input_file>
      <input_file id="fl-4f">
         <path>./utils/</path>
         <kind>object</kind>
         <file>scheduler.obj</file>
         <name>scheduler.obj</name>
      </input_file>
      <input_file id="fl-50">
         <path>./utils/</path>
         <kind>object</kind>
         <file>sine.obj</file>
         <name>sine.obj</name>
      </input_file>
      <input_file id="fl-51">
         <path>./utils/</path>
         <kind>object</kind>
         <file>softi2c.obj</file>
         <name>softi2c.obj</name>
      </input_file>
      <input_file id="fl-52">
         <path>./utils/</path>
         <kind>object</kind>
         <file>softssi.obj</file>
         <name>softssi.obj</name>
      </input_file>
      <input_file id="fl-53">
         <path>./utils/</path>
         <kind>object</kind>
         <file>softuart.obj</file>
         <name>softuart.obj</name>
      </input_file>
      <input_file id="fl-54">
         <path>./utils/</path>
         <kind>object</kind>
         <file>spi_flash.obj</file>
         <name>spi_flash.obj</name>
      </input_file>
      <input_file id="fl-55">
         <path>./utils/</path>
         <kind>object</kind>
         <file>uartstdio.obj</file>
         <name>uartstdio.obj</name>
      </input_file>
      <input_file id="fl-56">
         <path>./utils/</path>
         <kind>object</kind>
         <file>ustdlib.obj</file>
         <name>ustdlib.obj</name>
      </input_file>
      <input_file id="fl-57">
         <path>./utils/</path>
         <kind>object</kind>
         <file>wavfile.obj</file>
         <name>wavfile.obj</name>
      </input_file>
      <input_file id="fl-117">
         <path>/Applications/ti/ccsv7/tools/compiler/ti-cgt-arm_16.9.0.LTS/lib/</path>
         <kind>archive</kind>
         <file>rtsv7M4_T_le_v4SPD16_eabi.lib</file>
         <name>boot.obj</name>
      </input_file>
      <input_file id="fl-118">
         <path>/Applications/ti/ccsv7/tools/compiler/ti-cgt-arm_16.9.0.LTS/lib/</path>
         <kind>archive</kind>
         <file>rtsv7M4_T_le_v4SPD16_eabi.lib</file>
         <name>copy_decompress_lzss.obj</name>
      </input_file>
      <input_file id="fl-119">
         <path>/Applications/ti/ccsv7/tools/compiler/ti-cgt-arm_16.9.0.LTS/lib/</path>
         <kind>archive</kind>
         <file>rtsv7M4_T_le_v4SPD16_eabi.lib</file>
         <name>copy_decompress_none.obj</name>
      </input_file>
      <input_file id="fl-11a">
         <path>/Applications/ti/ccsv7/tools/compiler/ti-cgt-arm_16.9.0.LTS/lib/</path>
         <kind>archive</kind>
         <file>rtsv7M4_T_le_v4SPD16_eabi.lib</file>
         <name>copy_zero_init.obj</name>
      </input_file>
      <input_file id="fl-11b">
         <path>/Applications/ti/ccsv7/tools/compiler/ti-cgt-arm_16.9.0.LTS/lib/</path>
         <kind>archive</kind>
         <file>rtsv7M4_T_le_v4SPD16_eabi.lib</file>
         <name>e_log10.obj</name>
      </input_file>
      <input_file id="fl-11c">
         <path>/Applications/ti/ccsv7/tools/compiler/ti-cgt-arm_16.9.0.LTS/lib/</path>
         <kind>archive</kind>
         <file>rtsv7M4_T_le_v4SPD16_eabi.lib</file>
         <name>e_sqrt.obj</name>
      </input_file>
      <input_file id="fl-11d">
         <path>/Applications/ti/ccsv7/tools/compiler/ti-cgt-arm_16.9.0.LTS/lib/</path>
         <kind>archive</kind>
         <file>rtsv7M4_T_le_v4SPD16_eabi.lib</file>
         <name>e_sqrtf.obj</name>
      </input_file>
      <input_file id="fl-11e">
         <path>/Applications/ti/ccsv7/tools/compiler/ti-cgt-arm_16.9.0.LTS/lib/</path>
         <kind>archive</kind>
         <file>rtsv7M4_T_le_v4SPD16_eabi.lib</file>
         <name>errno.obj</name>
      </input_file>
      <input_file id="fl-11f">
         <path>/Applications/ti/ccsv7/tools/compiler/ti-cgt-arm_16.9.0.LTS/lib/</path>
         <kind>archive</kind>
         <file>rtsv7M4_T_le_v4SPD16_eabi.lib</file>
         <name>exit.obj</name>
      </input_file>
      <input_file id="fl-120">
         <path>/Applications/ti/ccsv7/tools/compiler/ti-cgt-arm_16.9.0.LTS/lib/</path>
         <kind>archive</kind>
         <file>rtsv7M4_T_le_v4SPD16_eabi.lib</file>
         <name>fd_add_t2.obj</name>
      </input_file>
      <input_file id="fl-121">
         <path>/Applications/ti/ccsv7/tools/compiler/ti-cgt-arm_16.9.0.LTS/lib/</path>
         <kind>archive</kind>
         <file>rtsv7M4_T_le_v4SPD16_eabi.lib</file>
         <name>fd_cmp_t2.obj</name>
      </input_file>
      <input_file id="fl-122">
         <path>/Applications/ti/ccsv7/tools/compiler/ti-cgt-arm_16.9.0.LTS/lib/</path>
         <kind>archive</kind>
         <file>rtsv7M4_T_le_v4SPD16_eabi.lib</file>
         <name>fd_div_t2.obj</name>
      </input_file>
      <input_file id="fl-123">
         <path>/Applications/ti/ccsv7/tools/compiler/ti-cgt-arm_16.9.0.LTS/lib/</path>
         <kind>archive</kind>
         <file>rtsv7M4_T_le_v4SPD16_eabi.lib</file>
         <name>fd_mul_t2.obj</name>
      </input_file>
      <input_file id="fl-124">
         <path>/Applications/ti/ccsv7/tools/compiler/ti-cgt-arm_16.9.0.LTS/lib/</path>
         <kind>archive</kind>
         <file>rtsv7M4_T_le_v4SPD16_eabi.lib</file>
         <name>fd_toi_t2.obj</name>
      </input_file>
      <input_file id="fl-125">
         <path>/Applications/ti/ccsv7/tools/compiler/ti-cgt-arm_16.9.0.LTS/lib/</path>
         <kind>archive</kind>
         <file>rtsv7M4_T_le_v4SPD16_eabi.lib</file>
         <name>fd_tos_t2.obj</name>
      </input_file>
      <input_file id="fl-126">
         <path>/Applications/ti/ccsv7/tools/compiler/ti-cgt-arm_16.9.0.LTS/lib/</path>
         <kind>archive</kind>
         <file>rtsv7M4_T_le_v4SPD16_eabi.lib</file>
         <name>fd_tou_t2.obj</name>
      </input_file>
      <input_file id="fl-127">
         <path>/Applications/ti/ccsv7/tools/compiler/ti-cgt-arm_16.9.0.LTS/lib/</path>
         <kind>archive</kind>
         <file>rtsv7M4_T_le_v4SPD16_eabi.lib</file>
         <name>fs_tod_t2.obj</name>
      </input_file>
      <input_file id="fl-128">
         <path>/Applications/ti/ccsv7/tools/compiler/ti-cgt-arm_16.9.0.LTS/lib/</path>
         <kind>archive</kind>
         <file>rtsv7M4_T_le_v4SPD16_eabi.lib</file>
         <name>i_tofd_t2.obj</name>
      </input_file>
      <input_file id="fl-129">
         <path>/Applications/ti/ccsv7/tools/compiler/ti-cgt-arm_16.9.0.LTS/lib/</path>
         <kind>archive</kind>
         <file>rtsv7M4_T_le_v4SPD16_eabi.lib</file>
         <name>memcpy_t2.obj</name>
      </input_file>
      <input_file id="fl-12a">
         <path>/Applications/ti/ccsv7/tools/compiler/ti-cgt-arm_16.9.0.LTS/lib/</path>
         <kind>archive</kind>
         <file>rtsv7M4_T_le_v4SPD16_eabi.lib</file>
         <name>memory.obj</name>
      </input_file>
      <input_file id="fl-12b">
         <path>/Applications/ti/ccsv7/tools/compiler/ti-cgt-arm_16.9.0.LTS/lib/</path>
         <kind>archive</kind>
         <file>rtsv7M4_T_le_v4SPD16_eabi.lib</file>
         <name>memset_t2.obj</name>
      </input_file>
      <input_file id="fl-12c">
         <path>/Applications/ti/ccsv7/tools/compiler/ti-cgt-arm_16.9.0.LTS/lib/</path>
         <kind>archive</kind>
         <file>rtsv7M4_T_le_v4SPD16_eabi.lib</file>
         <name>mpu_init.obj</name>
      </input_file>
      <input_file id="fl-12d">
         <path>/Applications/ti/ccsv7/tools/compiler/ti-cgt-arm_16.9.0.LTS/lib/</path>
         <kind>archive</kind>
         <file>rtsv7M4_T_le_v4SPD16_eabi.lib</file>
         <name>pre_init.obj</name>
      </input_file>
      <input_file id="fl-12e">
         <path>/Applications/ti/ccsv7/tools/compiler/ti-cgt-arm_16.9.0.LTS/lib/</path>
         <kind>archive</kind>
         <file>rtsv7M4_T_le_v4SPD16_eabi.lib</file>
         <name>s_sin.obj</name>
      </input_file>
      <input_file id="fl-12f">
         <path>/Applications/ti/ccsv7/tools/compiler/ti-cgt-arm_16.9.0.LTS/lib/</path>
         <kind>archive</kind>
         <file>rtsv7M4_T_le_v4SPD16_eabi.lib</file>
         <name>stkdepth_vars.obj</name>
      </input_file>
      <input_file id="fl-130">
         <path>/Applications/ti/ccsv7/tools/compiler/ti-cgt-arm_16.9.0.LTS/lib/</path>
         <kind>archive</kind>
         <file>rtsv7M4_T_le_v4SPD16_eabi.lib</file>
         <name>strcmp.obj</name>
      </input_file>
      <input_file id="fl-131">
         <path>/Applications/ti/ccsv7/tools/compiler/ti-cgt-arm_16.9.0.LTS/lib/</path>
         <kind>archive</kind>
         <file>rtsv7M4_T_le_v4SPD16_eabi.lib</file>
         <name>u_divt2.obj</name>
      </input_file>
      <input_file id="fl-132">
         <path>/Applications/ti/ccsv7/tools/compiler/ti-cgt-arm_16.9.0.LTS/lib/</path>
         <kind>archive</kind>
         <file>rtsv7M4_T_le_v4SPD16_eabi.lib</file>
         <name>u_tofd_t2.obj</name>
      </input_file>
      <input_file id="fl-133">
         <path>/Applications/ti/ccsv7/tools/compiler/ti-cgt-arm_16.9.0.LTS/lib/</path>
         <kind>archive</kind>
         <file>rtsv7M4_T_le_v4SPD16_eabi.lib</file>
         <name>_lock.obj</name>
      </input_file>
      <input_file id="fl-134">
         <path>/Applications/ti/ccsv7/tools/compiler/ti-cgt-arm_16.9.0.LTS/lib/</path>
         <kind>archive</kind>
         <file>rtsv7M4_T_le_v4SPD16_eabi.lib</file>
         <name>args_main.obj</name>
      </input_file>
      <input_file id="fl-135">
         <path>/Applications/ti/ccsv7/tools/compiler/ti-cgt-arm_16.9.0.LTS/lib/</path>
         <kind>archive</kind>
         <file>rtsv7M4_T_le_v4SPD16_eabi.lib</file>
         <name>autoinit.obj</name>
      </input_file>
      <input_file id="fl-136">
         <path>/Applications/ti/ccsv7/tools/compiler/ti-cgt-arm_16.9.0.LTS/lib/</path>
         <kind>archive</kind>
         <file>rtsv7M4_T_le_v4SPD16_eabi.lib</file>
         <name>cpy_tbl.obj</name>
      </input_file>
      <input_file id="fl-137">
         <path>/Applications/ti/ccsv7/tools/compiler/ti-cgt-arm_16.9.0.LTS/lib/</path>
         <kind>archive</kind>
         <file>rtsv7M4_T_le_v4SPD16_eabi.lib</file>
         <name>i_div0.obj</name>
      </input_file>
      <input_file id="fl-138">
         <path>/Applications/ti/ccsv7/tools/compiler/ti-cgt-arm_16.9.0.LTS/lib/</path>
         <kind>archive</kind>
         <file>rtsv7M4_T_le_v4SPD16_eabi.lib</file>
         <name>k_cos.obj</name>
      </input_file>
      <input_file id="fl-139">
         <path>/Applications/ti/ccsv7/tools/compiler/ti-cgt-arm_16.9.0.LTS/lib/</path>
         <kind>archive</kind>
         <file>rtsv7M4_T_le_v4SPD16_eabi.lib</file>
         <name>k_rem_pio2.obj</name>
      </input_file>
      <input_file id="fl-13a">
         <path>/Applications/ti/ccsv7/tools/compiler/ti-cgt-arm_16.9.0.LTS/lib/</path>
         <kind>archive</kind>
         <file>rtsv7M4_T_le_v4SPD16_eabi.lib</file>
         <name>k_sin.obj</name>
      </input_file>
      <input_file id="fl-13b">
         <path>/Applications/ti/ccsv7/tools/compiler/ti-cgt-arm_16.9.0.LTS/lib/</path>
         <kind>archive</kind>
         <file>rtsv7M4_T_le_v4SPD16_eabi.lib</file>
         <name>s_floor.obj</name>
      </input_file>
      <input_file id="fl-13c">
         <path>/Applications/ti/ccsv7/tools/compiler/ti-cgt-arm_16.9.0.LTS/lib/</path>
         <kind>archive</kind>
         <file>rtsv7M4_T_le_v4SPD16_eabi.lib</file>
         <name>s_scalbn.obj</name>
      </input_file>
      <input_file id="fl-13d">
         <path>/Applications/ti/ccsv7/tools/compiler/ti-cgt-arm_16.9.0.LTS/lib/</path>
         <kind>archive</kind>
         <file>rtsv7M4_T_le_v4SPD16_eabi.lib</file>
         <name>startup.obj</name>
      </input_file>
      <input_file id="fl-13e">
         <path>/Applications/ti/ccsv7/tools/compiler/ti-cgt-arm_16.9.0.LTS/lib/</path>
         <kind>archive</kind>
         <file>rtsv7M4_T_le_v4SPD16_eabi.lib</file>
         <name>s_copysign.obj</name>
      </input_file>
   </input_file_list>
   <object_component_list>
      <object_component id="oc-f">
         <name>.intvecs</name>
         <load_address>0x0</load_address>
         <run_address>0x0</run_address>
         <size>0x26c</size>
         <input_file_ref idref="fl-6"/>
      </object_component>
      <object_component id="oc-ab">
         <name>.text</name>
         <load_address>0x26c</load_address>
         <run_address>0x26c</run_address>
         <size>0x2b0c</size>
         <input_file_ref idref="fl-3f"/>
      </object_component>
      <object_component id="oc-93">
         <name>.text</name>
         <load_address>0x2d78</load_address>
         <run_address>0x2d78</run_address>
         <size>0x299e</size>
         <input_file_ref idref="fl-29"/>
      </object_component>
      <object_component id="oc-312">
         <name>.text</name>
         <load_address>0x5716</load_address>
         <run_address>0x5716</run_address>
         <size>0x2</size>
         <input_file_ref idref="fl-137"/>
      </object_component>
      <object_component id="oc-124">
         <name>.text</name>
         <load_address>0x5718</load_address>
         <run_address>0x5718</run_address>
         <size>0x15b4</size>
         <input_file_ref idref="fl-26"/>
      </object_component>
      <object_component id="oc-12a">
         <name>.text</name>
         <load_address>0x6ccc</load_address>
         <run_address>0x6ccc</run_address>
         <size>0x11d4</size>
         <input_file_ref idref="fl-32"/>
      </object_component>
      <object_component id="oc-9f">
         <name>.text</name>
         <load_address>0x7ea0</load_address>
         <run_address>0x7ea0</run_address>
         <size>0xf00</size>
         <input_file_ref idref="fl-20"/>
      </object_component>
      <object_component id="oc-1eb">
         <name>.text</name>
         <load_address>0x8da0</load_address>
         <run_address>0x8da0</run_address>
         <size>0xe44</size>
         <input_file_ref idref="fl-43"/>
      </object_component>
      <object_component id="oc-99">
         <name>.text</name>
         <load_address>0x9be4</load_address>
         <run_address>0x9be4</run_address>
         <size>0xc84</size>
         <input_file_ref idref="fl-56"/>
      </object_component>
      <object_component id="oc-a5">
         <name>.text</name>
         <load_address>0xa868</load_address>
         <run_address>0xa868</run_address>
         <size>0xbb8</size>
         <input_file_ref idref="fl-15"/>
      </object_component>
      <object_component id="oc-1e5">
         <name>.text</name>
         <load_address>0xb420</load_address>
         <run_address>0xb420</run_address>
         <size>0x904</size>
         <input_file_ref idref="fl-3d"/>
      </object_component>
      <object_component id="oc-10a">
         <name>.text</name>
         <load_address>0xbd24</load_address>
         <run_address>0xbd24</run_address>
         <size>0x77c</size>
         <input_file_ref idref="fl-8"/>
      </object_component>
      <object_component id="oc-fe">
         <name>.text</name>
         <load_address>0xc4a0</load_address>
         <run_address>0xc4a0</run_address>
         <size>0x622</size>
         <input_file_ref idref="fl-24"/>
      </object_component>
      <object_component id="oc-6c">
         <name>.text</name>
         <load_address>0xcac2</load_address>
         <run_address>0xcac2</run_address>
         <size>0x2</size>
         <input_file_ref idref="fl-12c"/>
      </object_component>
      <object_component id="oc-116">
         <name>.text</name>
         <load_address>0xcac4</load_address>
         <run_address>0xcac4</run_address>
         <size>0x602</size>
         <input_file_ref idref="fl-23"/>
      </object_component>
      <object_component id="oc-169">
         <name>.text</name>
         <load_address>0xd0c6</load_address>
         <run_address>0xd0c6</run_address>
         <size>0x2</size>
         <input_file_ref idref="fl-13d"/>
      </object_component>
      <object_component id="oc-b7">
         <name>.text</name>
         <load_address>0xd0c8</load_address>
         <run_address>0xd0c8</run_address>
         <size>0x4e0</size>
         <input_file_ref idref="fl-25"/>
      </object_component>
      <object_component id="oc-104">
         <name>.text</name>
         <load_address>0xd5a8</load_address>
         <run_address>0xd5a8</run_address>
         <size>0x49c</size>
         <input_file_ref idref="fl-55"/>
      </object_component>
      <object_component id="oc-40">
         <name>.text</name>
         <load_address>0xda44</load_address>
         <run_address>0xda44</run_address>
         <size>0x47c</size>
         <input_file_ref idref="fl-45"/>
      </object_component>
      <object_component id="oc-110">
         <name>.text</name>
         <load_address>0xdec0</load_address>
         <run_address>0xdec0</run_address>
         <size>0x3c0</size>
         <input_file_ref idref="fl-18"/>
      </object_component>
      <object_component id="oc-34">
         <name>.text</name>
         <load_address>0xe280</load_address>
         <run_address>0xe280</run_address>
         <size>0x3c0</size>
         <input_file_ref idref="fl-7"/>
      </object_component>
      <object_component id="oc-be">
         <name>.text</name>
         <load_address>0xe640</load_address>
         <run_address>0xe640</run_address>
         <size>0x3bc</size>
         <input_file_ref idref="fl-3e"/>
      </object_component>
      <object_component id="oc-21c">
         <name>.text</name>
         <load_address>0xe9fc</load_address>
         <run_address>0xe9fc</run_address>
         <size>0x3bc</size>
         <input_file_ref idref="fl-40"/>
      </object_component>
      <object_component id="oc-2bd">
         <name>.text</name>
         <load_address>0xedb8</load_address>
         <run_address>0xedb8</run_address>
         <size>0x388</size>
         <input_file_ref idref="fl-30"/>
      </object_component>
      <object_component id="oc-2b7">
         <name>.text</name>
         <load_address>0xf140</load_address>
         <run_address>0xf140</run_address>
         <size>0x2de</size>
         <input_file_ref idref="fl-2e"/>
      </object_component>
      <object_component id="oc-3a">
         <name>.text</name>
         <load_address>0xf420</load_address>
         <run_address>0xf420</run_address>
         <size>0x2ac</size>
         <input_file_ref idref="fl-5"/>
      </object_component>
      <object_component id="oc-200">
         <name>.text</name>
         <load_address>0xf6cc</load_address>
         <run_address>0xf6cc</run_address>
         <size>0x1d2</size>
         <input_file_ref idref="fl-42"/>
      </object_component>
      <object_component id="oc-18a">
         <name>.text</name>
         <load_address>0xf8a0</load_address>
         <run_address>0xf8a0</run_address>
         <size>0x104</size>
         <input_file_ref idref="fl-28"/>
      </object_component>
      <object_component id="oc-130">
         <name>.text</name>
         <load_address>0xf9a4</load_address>
         <run_address>0xf9a4</run_address>
         <size>0xec</size>
         <input_file_ref idref="fl-47"/>
      </object_component>
      <object_component id="oc-1f1">
         <name>.text</name>
         <load_address>0xfa90</load_address>
         <run_address>0xfa90</run_address>
         <size>0xc8</size>
         <input_file_ref idref="fl-48"/>
      </object_component>
      <object_component id="oc-54">
         <name>.text</name>
         <load_address>0xfb58</load_address>
         <run_address>0xfb58</run_address>
         <size>0x9c</size>
         <input_file_ref idref="fl-129"/>
      </object_component>
      <object_component id="oc-b1">
         <name>.text</name>
         <load_address>0xfbf4</load_address>
         <run_address>0xfbf4</run_address>
         <size>0x88</size>
         <input_file_ref idref="fl-22"/>
      </object_component>
      <object_component id="oc-60">
         <name>.text</name>
         <load_address>0xfc7c</load_address>
         <run_address>0xfc7c</run_address>
         <size>0x7a</size>
         <input_file_ref idref="fl-12b"/>
      </object_component>
      <object_component id="oc-78">
         <name>.text</name>
         <load_address>0xfcf8</load_address>
         <run_address>0xfcf8</run_address>
         <size>0x70</size>
         <input_file_ref idref="fl-135"/>
      </object_component>
      <object_component id="oc-12">
         <name>.text:decompress:lzss</name>
         <load_address>0xfd68</load_address>
         <run_address>0xfd68</run_address>
         <size>0x68</size>
         <input_file_ref idref="fl-118"/>
      </object_component>
      <object_component id="oc-24">
         <name>.text</name>
         <load_address>0xfdd0</load_address>
         <run_address>0xfdd0</run_address>
         <size>0x54</size>
         <input_file_ref idref="fl-117"/>
      </object_component>
      <object_component id="oc-84">
         <name>.text</name>
         <load_address>0xfe24</load_address>
         <run_address>0xfe24</run_address>
         <size>0x54</size>
         <input_file_ref idref="fl-11f"/>
      </object_component>
      <object_component id="oc-163">
         <name>.text</name>
         <load_address>0xfe78</load_address>
         <run_address>0xfe78</run_address>
         <size>0x4c</size>
         <input_file_ref idref="fl-136"/>
      </object_component>
      <object_component id="oc-19d">
         <name>.text</name>
         <load_address>0xfec4</load_address>
         <run_address>0xfec4</run_address>
         <size>0x40</size>
         <input_file_ref idref="fl-131"/>
      </object_component>
      <object_component id="oc-1bd">
         <name>.text</name>
         <load_address>0xff04</load_address>
         <run_address>0xff04</run_address>
         <size>0x3e</size>
         <input_file_ref idref="fl-c"/>
      </object_component>
      <object_component id="oc-7e">
         <name>.text</name>
         <load_address>0xff44</load_address>
         <run_address>0xff44</run_address>
         <size>0x18</size>
         <input_file_ref idref="fl-134"/>
      </object_component>
      <object_component id="oc-2fb">
         <name>.text</name>
         <load_address>0xff5c</load_address>
         <run_address>0xff5c</run_address>
         <size>0x14</size>
         <input_file_ref idref="fl-133"/>
      </object_component>
      <object_component id="oc-18">
         <name>.text:decompress:none</name>
         <load_address>0xff70</load_address>
         <run_address>0xff70</run_address>
         <size>0xe</size>
         <input_file_ref idref="fl-119"/>
      </object_component>
      <object_component id="oc-1e">
         <name>.text:decompress:ZI</name>
         <load_address>0xff7e</load_address>
         <run_address>0xff7e</run_address>
         <size>0xc</size>
         <input_file_ref idref="fl-11a"/>
      </object_component>
      <object_component id="oc-2e">
         <name>.text</name>
         <load_address>0xff8a</load_address>
         <run_address>0xff8a</run_address>
         <size>0xc</size>
         <input_file_ref idref="fl-6"/>
      </object_component>
      <object_component id="oc-bd">
         <name>.text:SysCtlDelay</name>
         <load_address>0xff96</load_address>
         <run_address>0xff96</run_address>
         <size>0x6</size>
         <input_file_ref idref="fl-20"/>
      </object_component>
      <object_component id="oc-72">
         <name>.text</name>
         <load_address>0xff9c</load_address>
         <run_address>0xff9c</run_address>
         <size>0x4</size>
         <input_file_ref idref="fl-12d"/>
      </object_component>
      <object_component id="oc-1c6">
         <name>.const:g_pppui32XTALtoVCO</name>
         <load_address>0xffa0</load_address>
         <run_address>0xffa0</run_address>
         <size>0x120</size>
         <input_file_ref idref="fl-20"/>
      </object_component>
      <object_component id="oc-1ce">
         <name>.const:g_ppui32GPIOIntMapBlizzard</name>
         <load_address>0x100c0</load_address>
         <run_address>0x100c0</run_address>
         <size>0xc0</size>
         <input_file_ref idref="fl-15"/>
      </object_component>
      <object_component id="oc-1d4">
         <name>.const:g_ppui32GPIOIntMapSnowflake</name>
         <load_address>0x10180</load_address>
         <run_address>0x10180</run_address>
         <size>0xc0</size>
         <input_file_ref idref="fl-15"/>
      </object_component>
      <object_component id="oc-283">
         <name>.const:g_pui32Regs</name>
         <load_address>0x10240</load_address>
         <run_address>0x10240</run_address>
         <size>0x9c</size>
         <input_file_ref idref="fl-18"/>
      </object_component>
      <object_component id="oc-1d7">
         <name>.const:g_pui32GPIOBaseAddrs</name>
         <load_address>0x102dc</load_address>
         <run_address>0x102dc</run_address>
         <size>0x90</size>
         <input_file_ref idref="fl-15"/>
      </object_component>
      <object_component id="oc-1c3">
         <name>.const:g_pui32Xtals</name>
         <load_address>0x1036c</load_address>
         <run_address>0x1036c</run_address>
         <size>0x6c</size>
         <input_file_ref idref="fl-20"/>
      </object_component>
      <object_component id="oc-294">
         <name>.const:g_ppui32TimerIntMap</name>
         <load_address>0x103d8</load_address>
         <run_address>0x103d8</run_address>
         <size>0x60</size>
         <input_file_ref idref="fl-23"/>
      </object_component>
      <object_component id="oc-29a">
         <name>.const:g_ppui32TimerIntMapSnowflake</name>
         <load_address>0x10438</load_address>
         <run_address>0x10438</run_address>
         <size>0x40</size>
         <input_file_ref idref="fl-23"/>
      </object_component>
      <object_component id="oc-25f">
         <name>.const:g_ppui32UARTIntMap</name>
         <load_address>0x10478</load_address>
         <run_address>0x10478</run_address>
         <size>0x40</size>
         <input_file_ref idref="fl-24"/>
      </object_component>
      <object_component id="oc-265">
         <name>.const:g_ppui32UARTIntMapSnowflake</name>
         <load_address>0x104b8</load_address>
         <run_address>0x104b8</run_address>
         <size>0x40</size>
         <input_file_ref idref="fl-24"/>
      </object_component>
      <object_component id="oc-1ba">
         <name>.const:g_sXTALtoMEMTIM</name>
         <load_address>0x104f8</load_address>
         <run_address>0x104f8</run_address>
         <size>0x38</size>
         <input_file_ref idref="fl-20"/>
      </object_component>
      <object_component id="oc-2b4">
         <name>.const:g_psUSBDStdRequests</name>
         <load_address>0x10530</load_address>
         <run_address>0x10530</run_address>
         <size>0x34</size>
         <input_file_ref idref="fl-32"/>
      </object_component>
      <object_component id="oc-1a5">
         <name>.const:g_psDaysToMonth</name>
         <load_address>0x10564</load_address>
         <run_address>0x10564</run_address>
         <size>0x30</size>
         <input_file_ref idref="fl-56"/>
      </object_component>
      <object_component id="oc-280">
         <name>.const:g_pui32Priority</name>
         <load_address>0x10594</load_address>
         <run_address>0x10594</run_address>
         <size>0x20</size>
         <input_file_ref idref="fl-18"/>
      </object_component>
      <object_component id="oc-1a8">
         <name>.const:g_pfExponents</name>
         <load_address>0x105b4</load_address>
         <run_address>0x105b4</run_address>
         <size>0x18</size>
         <input_file_ref idref="fl-56"/>
      </object_component>
      <object_component id="oc-289">
         <name>.const:g_pui32Dii16Regs</name>
         <load_address>0x105cc</load_address>
         <run_address>0x105cc</run_address>
         <size>0x14</size>
         <input_file_ref idref="fl-18"/>
      </object_component>
      <object_component id="oc-286">
         <name>.const:g_pui32EnRegs</name>
         <load_address>0x105e0</load_address>
         <run_address>0x105e0</run_address>
         <size>0x14</size>
         <input_file_ref idref="fl-18"/>
      </object_component>
      <object_component id="oc-28c">
         <name>.const:g_pui32PendRegs</name>
         <load_address>0x105f4</load_address>
         <run_address>0x105f4</run_address>
         <size>0x14</size>
         <input_file_ref idref="fl-18"/>
      </object_component>
      <object_component id="oc-28f">
         <name>.const:g_pui32UnpendRegs</name>
         <load_address>0x10608</load_address>
         <run_address>0x10608</run_address>
         <size>0x14</size>
         <input_file_ref idref="fl-18"/>
      </object_component>
      <object_component id="oc-39a">
         <name>.const:.string</name>
         <load_address>0x1061c</load_address>
         <run_address>0x1061c</run_address>
         <size>0x12</size>
         <input_file_ref idref="fl-55"/>
      </object_component>
      <object_component id="oc-319">
         <name>.const:.string</name>
         <load_address>0x10630</load_address>
         <run_address>0x10630</run_address>
         <size>0x12</size>
         <input_file_ref idref="fl-56"/>
      </object_component>
      <object_component id="oc-25a">
         <name>.const:g_sUSBEventDriver</name>
         <load_address>0x10644</load_address>
         <run_address>0x10644</run_address>
         <size>0x10</size>
         <input_file_ref idref="fl-7"/>
      </object_component>
      <object_component id="oc-257">
         <name>.const:g_sUSBHostMSCClassDriver</name>
         <load_address>0x10654</load_address>
         <run_address>0x10654</run_address>
         <size>0x10</size>
         <input_file_ref idref="fl-3e"/>
      </object_component>
      <object_component id="oc-270">
         <name>.const:g_ui32UARTBase</name>
         <load_address>0x10664</load_address>
         <run_address>0x10664</run_address>
         <size>0xc</size>
         <input_file_ref idref="fl-55"/>
      </object_component>
      <object_component id="oc-26a">
         <name>.const:g_ui32UARTPeriph</name>
         <load_address>0x10670</load_address>
         <run_address>0x10670</run_address>
         <size>0xc</size>
         <input_file_ref idref="fl-55"/>
      </object_component>
      <object_component id="oc-e3">
         <name>.const:g_ppHostClassDrivers</name>
         <load_address>0x1067c</load_address>
         <run_address>0x1067c</run_address>
         <size>0x8</size>
         <input_file_ref idref="fl-7"/>
      </object_component>
      <object_component id="oc-1c9">
         <name>.const:g_pui32VCOFrequencies</name>
         <load_address>0x10684</load_address>
         <run_address>0x10684</run_address>
         <size>0x8</size>
         <input_file_ref idref="fl-20"/>
      </object_component>
      <object_component id="oc-1d1">
         <name>.const</name>
         <load_address>0x1068c</load_address>
         <run_address>0x1068c</run_address>
         <size>0x8</size>
         <input_file_ref idref="fl-15"/>
      </object_component>
      <object_component id="oc-297">
         <name>.const</name>
         <load_address>0x10694</load_address>
         <run_address>0x10694</run_address>
         <size>0x8</size>
         <input_file_ref idref="fl-23"/>
      </object_component>
      <object_component id="oc-262">
         <name>.const</name>
         <load_address>0x1069c</load_address>
         <run_address>0x1069c</run_address>
         <size>0x8</size>
         <input_file_ref idref="fl-24"/>
      </object_component>
      <object_component id="oc-db">
         <name>.const:.string:$P$T0$2</name>
         <load_address>0x106a4</load_address>
         <run_address>0x106a4</run_address>
         <size>0x7</size>
         <input_file_ref idref="fl-7"/>
      </object_component>
      <object_component id="oc-273">
         <name>.const</name>
         <load_address>0x106ac</load_address>
         <run_address>0x106ac</run_address>
         <size>0x4</size>
         <input_file_ref idref="fl-55"/>
      </object_component>
      <object_component id="oc-e0">
         <name>.const</name>
         <load_address>0x106b0</load_address>
         <run_address>0x106b0</run_address>
         <size>0x4</size>
         <input_file_ref idref="fl-7"/>
      </object_component>
      <object_component id="oc-1a2">
         <name>.const</name>
         <load_address>0x106b4</load_address>
         <run_address>0x106b4</run_address>
         <size>0x4</size>
         <input_file_ref idref="fl-56"/>
      </object_component>
      <object_component id="oc-435">
         <name>.cinit..data.load</name>
         <load_address>0x106b8</load_address>
         <run_address>0x106b8</run_address>
         <size>0x30</size>
      </object_component>
      <object_component id="oc-432">
         <name>__TI_handler_table</name>
         <load_address>0x106e8</load_address>
         <run_address>0x106e8</run_address>
         <size>0xc</size>
      </object_component>
      <object_component id="oc-436">
         <name>.cinit..bss.load</name>
         <load_address>0x106f8</load_address>
         <run_address>0x106f8</run_address>
         <size>0x8</size>
      </object_component>
      <object_component id="oc-434">
         <name>.cinit..vtable.load</name>
         <load_address>0x10700</load_address>
         <run_address>0x10700</run_address>
         <size>0x8</size>
      </object_component>
      <object_component id="oc-433">
         <name>__TI_cinit_table</name>
         <load_address>0x10708</load_address>
         <run_address>0x10708</run_address>
         <size>0x18</size>
      </object_component>
      <object_component id="oc-27d">
         <name>.vtable</name>
         <uninitialized>true</uninitialized>
         <run_address>0x20000000</run_address>
         <size>0x26c</size>
         <input_file_ref idref="fl-18"/>
      </object_component>
      <object_component id="oc-120">
         <name>.data</name>
         <load_address>0x20000358</load_address>
         <run_address>0x20000358</run_address>
         <size>0x4</size>
         <input_file_ref idref="fl-5"/>
      </object_component>
      <object_component id="oc-11f">
         <name>.data:text$1</name>
         <load_address>0x20000348</load_address>
         <run_address>0x20000348</run_address>
         <size>0x6</size>
         <input_file_ref idref="fl-5"/>
      </object_component>
      <object_component id="oc-d0">
         <name>.data:g_cCwdBuf</name>
         <load_address>0x2000026c</load_address>
         <run_address>0x2000026c</run_address>
         <size>0x50</size>
         <input_file_ref idref="fl-7"/>
      </object_component>
      <object_component id="oc-d7">
         <name>.data</name>
         <load_address>0x20000304</load_address>
         <run_address>0x20000304</run_address>
         <size>0x10</size>
         <input_file_ref idref="fl-7"/>
      </object_component>
      <object_component id="oc-307">
         <name>.data</name>
         <load_address>0x20000335</load_address>
         <run_address>0x20000335</run_address>
         <size>0x1</size>
         <input_file_ref idref="fl-28"/>
      </object_component>
      <object_component id="oc-2ab">
         <name>.data</name>
         <load_address>0x20000340</load_address>
         <run_address>0x20000340</run_address>
         <size>0x8</size>
         <input_file_ref idref="fl-32"/>
      </object_component>
      <object_component id="oc-222">
         <name>.data:g_sUSBHMSCDevice</name>
         <load_address>0x200002bc</load_address>
         <run_address>0x200002bc</run_address>
         <size>0x1c</size>
         <input_file_ref idref="fl-3e"/>
      </object_component>
      <object_component id="oc-1e2">
         <name>.data</name>
         <load_address>0x200002f0</load_address>
         <run_address>0x200002f0</run_address>
         <size>0x14</size>
         <input_file_ref idref="fl-3f"/>
      </object_component>
      <object_component id="oc-209">
         <name>.data:g_sUSBHEP0State</name>
         <load_address>0x200002d8</load_address>
         <run_address>0x200002d8</run_address>
         <size>0x18</size>
         <input_file_ref idref="fl-3f"/>
      </object_component>
      <object_component id="oc-136">
         <name>.data</name>
         <load_address>0x2000032c</load_address>
         <run_address>0x2000032c</run_address>
         <size>0x9</size>
         <input_file_ref idref="fl-45"/>
      </object_component>
      <object_component id="oc-1fd">
         <name>.data</name>
         <load_address>0x20000320</load_address>
         <run_address>0x20000320</run_address>
         <size>0xc</size>
         <input_file_ref idref="fl-47"/>
      </object_component>
      <object_component id="oc-26d">
         <name>.data</name>
         <load_address>0x20000350</load_address>
         <run_address>0x20000350</run_address>
         <size>0x5</size>
         <input_file_ref idref="fl-55"/>
      </object_component>
      <object_component id="oc-1ab">
         <name>.data</name>
         <load_address>0x20000360</load_address>
         <run_address>0x20000360</run_address>
         <size>0x4</size>
         <input_file_ref idref="fl-56"/>
      </object_component>
      <object_component id="oc-173">
         <name>.data:$O1$$</name>
         <load_address>0x20000314</load_address>
         <run_address>0x20000314</run_address>
         <size>0xc</size>
         <input_file_ref idref="fl-11f"/>
      </object_component>
      <object_component id="oc-8a">
         <name>.data</name>
         <load_address>0x2000035c</load_address>
         <run_address>0x2000035c</run_address>
         <size>0x4</size>
         <input_file_ref idref="fl-12f"/>
      </object_component>
      <object_component id="oc-176">
         <name>.data:$O1$$</name>
         <load_address>0x20000338</load_address>
         <run_address>0x20000338</run_address>
         <size>0x8</size>
         <input_file_ref idref="fl-133"/>
      </object_component>
      <object_component id="oc-c4">
         <name>.bss:g_sFatFs</name>
         <uninitialized>true</uninitialized>
         <run_address>0x20000dfc</run_address>
         <size>0x234</size>
         <input_file_ref idref="fl-7"/>
      </object_component>
      <object_component id="oc-cd">
         <name>.bss:g_sDirObject</name>
         <uninitialized>true</uninitialized>
         <run_address>0x20001510</run_address>
         <size>0x1c</size>
         <input_file_ref idref="fl-7"/>
      </object_component>
      <object_component id="oc-d3">
         <name>.bss:g_sFileInfo</name>
         <uninitialized>true</uninitialized>
         <run_address>0x2000155c</run_address>
         <size>0x18</size>
         <input_file_ref idref="fl-7"/>
      </object_component>
      <object_component id="oc-c7">
         <name>.bss</name>
         <uninitialized>true</uninitialized>
         <run_address>0x200015a4</run_address>
         <size>0xc</size>
         <input_file_ref idref="fl-7"/>
      </object_component>
      <object_component id="oc-de">
         <name>.bss:file$1</name>
         <uninitialized>true</uninitialized>
         <run_address>0x20001030</run_address>
         <size>0x224</size>
         <input_file_ref idref="fl-7"/>
      </object_component>
      <object_component id="oc-278">
         <name>.bss:g_pui8OversampleFactor</name>
         <uninitialized>true</uninitialized>
         <run_address>0x200015c4</run_address>
         <size>0x4</size>
         <input_file_ref idref="fl-8"/>
      </object_component>
      <object_component id="oc-190">
         <name>.bss:FatFs</name>
         <uninitialized>true</uninitialized>
         <run_address>0x200015c0</run_address>
         <size>0x4</size>
         <input_file_ref idref="fl-29"/>
      </object_component>
      <object_component id="oc-193">
         <name>.bss</name>
         <uninitialized>true</uninitialized>
         <run_address>0x200015ec</run_address>
         <size>0x2</size>
         <input_file_ref idref="fl-29"/>
      </object_component>
      <object_component id="oc-2b1">
         <name>.bss:g_pui8DataBufferIn</name>
         <uninitialized>true</uninitialized>
         <run_address>0x200014d0</run_address>
         <size>0x40</size>
         <input_file_ref idref="fl-32"/>
      </object_component>
      <object_component id="oc-2ae">
         <name>.bss</name>
         <uninitialized>true</uninitialized>
         <run_address>0x200015c8</run_address>
         <size>0x4</size>
         <input_file_ref idref="fl-32"/>
      </object_component>
      <object_component id="oc-343">
         <name>.bss:g_sRootHub</name>
         <uninitialized>true</uninitialized>
         <run_address>0x20001364</run_address>
         <size>0x9c</size>
         <input_file_ref idref="fl-3d"/>
      </object_component>
      <object_component id="oc-346">
         <name>.bss</name>
         <uninitialized>true</uninitialized>
         <run_address>0x200015b8</run_address>
         <size>0x8</size>
         <input_file_ref idref="fl-3d"/>
      </object_component>
      <object_component id="oc-1fa">
         <name>.bss</name>
         <uninitialized>true</uninitialized>
         <run_address>0x200015cc</run_address>
         <size>0x4</size>
         <input_file_ref idref="fl-3f"/>
      </object_component>
      <object_component id="oc-1f7">
         <name>.bss:g_pi32USBHActiveDriver</name>
         <uninitialized>true</uninitialized>
         <run_address>0x2000152c</run_address>
         <size>0x18</size>
         <input_file_ref idref="fl-3f"/>
      </object_component>
      <object_component id="oc-206">
         <name>.bss:g_ppvDriverInstance</name>
         <uninitialized>true</uninitialized>
         <run_address>0x20001544</run_address>
         <size>0x18</size>
         <input_file_ref idref="fl-3f"/>
      </object_component>
      <object_component id="oc-1dc">
         <name>.bss:g_sUSBHCD</name>
         <uninitialized>true</uninitialized>
         <run_address>0x20000400</run_address>
         <size>0x6cc</size>
         <input_file_ref idref="fl-3f"/>
      </object_component>
      <object_component id="oc-1df">
         <name>.bss:g_pui32Alloc</name>
         <uninitialized>true</uninitialized>
         <run_address>0x200015b0</run_address>
         <size>0x8</size>
         <input_file_ref idref="fl-3f"/>
      </object_component>
      <object_component id="oc-355">
         <name>.bss:g_psUSBDMAInst</name>
         <uninitialized>true</uninitialized>
         <run_address>0x20001254</run_address>
         <size>0x110</size>
         <input_file_ref idref="fl-43"/>
      </object_component>
      <object_component id="oc-13c">
         <name>.bss</name>
         <uninitialized>true</uninitialized>
         <run_address>0x200015d0</run_address>
         <size>0x4</size>
         <input_file_ref idref="fl-45"/>
      </object_component>
      <object_component id="oc-11c">
         <name>.common:ADC_OUT</name>
         <uninitialized>true</uninitialized>
         <run_address>0x200015d4</run_address>
         <size>0x4</size>
      </object_component>
      <object_component id="oc-e7">
         <name>.common:ui32DriveTimeout</name>
         <uninitialized>true</uninitialized>
         <run_address>0x200015e0</run_address>
         <size>0x4</size>
      </object_component>
      <object_component id="oc-df">
         <name>.common:ui32SysClock</name>
         <uninitialized>true</uninitialized>
         <run_address>0x200015e4</run_address>
         <size>0x4</size>
      </object_component>
      <object_component id="oc-d6">
         <name>.common:g_pcFilenames</name>
         <uninitialized>true</uninitialized>
         <run_address>0x20000acc</run_address>
         <size>0x330</size>
      </object_component>
      <object_component id="oc-ca">
         <name>.common:g_eState</name>
         <uninitialized>true</uninitialized>
         <run_address>0x200015ef</run_address>
         <size>0x1</size>
      </object_component>
      <object_component id="oc-e8">
         <name>.common:g_pHCDPool</name>
         <uninitialized>true</uninitialized>
         <run_address>0x20001400</run_address>
         <size>0x80</size>
      </object_component>
      <object_component id="oc-e6">
         <name>.common:g_psDMAControlTable</name>
         <uninitialized>true</uninitialized>
         <run_address>0x20001800</run_address>
         <size>0x60</size>
      </object_component>
      <object_component id="oc-da">
         <name>.common:usbPath</name>
         <uninitialized>true</uninitialized>
         <run_address>0x200015e8</run_address>
         <size>0x4</size>
      </object_component>
      <object_component id="oc-13f">
         <name>.common:g_psDCDInst</name>
         <uninitialized>true</uninitialized>
         <run_address>0x20001480</run_address>
         <size>0x50</size>
      </object_component>
      <object_component id="oc-2aa">
         <name>.common:g_ppsDevInfo</name>
         <uninitialized>true</uninitialized>
         <run_address>0x200015d8</run_address>
         <size>0x4</size>
      </object_component>
      <object_component id="oc-139">
         <name>.common:g_ui32PollRate</name>
         <uninitialized>true</uninitialized>
         <run_address>0x200015dc</run_address>
         <size>0x4</size>
      </object_component>
      <object_component id="oc-142">
         <name>.common:g_eOTGModeState</name>
         <uninitialized>true</uninitialized>
         <run_address>0x200015ee</run_address>
         <size>0x1</size>
      </object_component>
      <object_component id="oc-2c4">
         <name>.common:g_pfnTickHandlers</name>
         <uninitialized>true</uninitialized>
         <run_address>0x20001574</run_address>
         <size>0x18</size>
      </object_component>
      <object_component id="oc-2c7">
         <name>.common:g_pvTickInstance</name>
         <uninitialized>true</uninitialized>
         <run_address>0x2000158c</run_address>
         <size>0x18</size>
      </object_component>
      <object_component id="oc-2b">
         <name>.sysmem</name>
         <uninitialized>true</uninitialized>
         <run_address>0x20000368</run_address>
         <size>0x8</size>
         <input_file_ref idref="fl-12a"/>
      </object_component>
      <object_component id="oc-438">
         <name>.sysmem</name>
         <uninitialized>true</uninitialized>
         <run_address>0x20000368</run_address>
         <size>0x0</size>
      </object_component>
      <object_component id="oc-2a">
         <name>.stack</name>
         <uninitialized>true</uninitialized>
         <run_address>0x20001860</run_address>
         <size>0x0</size>
         <input_file_ref idref="fl-117"/>
      </object_component>
      <object_component id="oc-437">
         <name>.stack</name>
         <uninitialized>true</uninitialized>
         <run_address>0x20001860</run_address>
         <size>0x0</size>
      </object_component>
      <object_component id="oc-4f">
         <name>.debug_info</name>
         <load_address>0x0</load_address>
         <run_address>0x0</run_address>
         <size>0x84</size>
         <input_file_ref idref="fl-2"/>
      </object_component>
      <object_component id="oc-f4">
         <name>.debug_info</name>
         <load_address>0x84</load_address>
         <run_address>0x84</run_address>
         <size>0x18b</size>
         <input_file_ref idref="fl-3"/>
      </object_component>
      <object_component id="oc-11d">
         <name>.debug_info</name>
         <load_address>0x20f</load_address>
         <run_address>0x20f</run_address>
         <size>0xb29</size>
         <input_file_ref idref="fl-5"/>
      </object_component>
      <object_component id="oc-121">
         <name>.debug_info</name>
         <load_address>0xd38</load_address>
         <run_address>0xd38</run_address>
         <size>0xd8</size>
         <input_file_ref idref="fl-5"/>
      </object_component>
      <object_component id="oc-3b">
         <name>.debug_info</name>
         <load_address>0xe10</load_address>
         <run_address>0xe10</run_address>
         <size>0x7f1</size>
         <input_file_ref idref="fl-5"/>
      </object_component>
      <object_component id="oc-241">
         <name>.debug_info</name>
         <load_address>0x1601</load_address>
         <run_address>0x1601</run_address>
         <size>0xa85</size>
         <input_file_ref idref="fl-5"/>
      </object_component>
      <object_component id="oc-ef">
         <name>.debug_info</name>
         <load_address>0x2086</load_address>
         <run_address>0x2086</run_address>
         <size>0x4c5</size>
         <input_file_ref idref="fl-5"/>
      </object_component>
      <object_component id="oc-198">
         <name>.debug_info</name>
         <load_address>0x254b</load_address>
         <run_address>0x254b</run_address>
         <size>0x70</size>
         <input_file_ref idref="fl-5"/>
      </object_component>
      <object_component id="oc-23c">
         <name>.debug_info</name>
         <load_address>0x25bb</load_address>
         <run_address>0x25bb</run_address>
         <size>0x86</size>
         <input_file_ref idref="fl-5"/>
      </object_component>
      <object_component id="oc-2a1">
         <name>.debug_info</name>
         <load_address>0x2641</load_address>
         <run_address>0x2641</run_address>
         <size>0x186</size>
         <input_file_ref idref="fl-5"/>
      </object_component>
      <object_component id="oc-37a">
         <name>.debug_info</name>
         <load_address>0x27c7</load_address>
         <run_address>0x27c7</run_address>
         <size>0x129</size>
         <input_file_ref idref="fl-5"/>
      </object_component>
      <object_component id="oc-237">
         <name>.debug_info</name>
         <load_address>0x28f0</load_address>
         <run_address>0x28f0</run_address>
         <size>0xa9</size>
         <input_file_ref idref="fl-5"/>
      </object_component>
      <object_component id="oc-ea">
         <name>.debug_info</name>
         <load_address>0x2999</load_address>
         <run_address>0x2999</run_address>
         <size>0x8b</size>
         <input_file_ref idref="fl-5"/>
      </object_component>
      <object_component id="oc-246">
         <name>.debug_info</name>
         <load_address>0x2a24</load_address>
         <run_address>0x2a24</run_address>
         <size>0x42</size>
         <input_file_ref idref="fl-5"/>
      </object_component>
      <object_component id="oc-f9">
         <name>.debug_info</name>
         <load_address>0x2a66</load_address>
         <run_address>0x2a66</run_address>
         <size>0xbb</size>
         <input_file_ref idref="fl-5"/>
      </object_component>
      <object_component id="oc-15a">
         <name>.debug_info</name>
         <load_address>0x2b21</load_address>
         <run_address>0x2b21</run_address>
         <size>0x2c</size>
         <input_file_ref idref="fl-5"/>
      </object_component>
      <object_component id="oc-1b5">
         <name>.debug_info</name>
         <load_address>0x2b4d</load_address>
         <run_address>0x2b4d</run_address>
         <size>0x4e</size>
         <input_file_ref idref="fl-5"/>
      </object_component>
      <object_component id="oc-48">
         <name>.debug_info</name>
         <load_address>0x2b9b</load_address>
         <run_address>0x2b9b</run_address>
         <size>0x1b3</size>
         <input_file_ref idref="fl-6"/>
      </object_component>
      <object_component id="oc-10">
         <name>.debug_info</name>
         <load_address>0x2d4e</load_address>
         <run_address>0x2d4e</run_address>
         <size>0xf6</size>
         <input_file_ref idref="fl-6"/>
      </object_component>
      <object_component id="oc-2f">
         <name>.debug_info</name>
         <load_address>0x2e44</load_address>
         <run_address>0x2e44</run_address>
         <size>0x272</size>
         <input_file_ref idref="fl-6"/>
      </object_component>
      <object_component id="oc-cb">
         <name>.debug_info</name>
         <load_address>0x30b6</load_address>
         <run_address>0x30b6</run_address>
         <size>0xa37</size>
         <input_file_ref idref="fl-7"/>
      </object_component>
      <object_component id="oc-d1">
         <name>.debug_info</name>
         <load_address>0x3aed</load_address>
         <run_address>0x3aed</run_address>
         <size>0xe8</size>
         <input_file_ref idref="fl-7"/>
      </object_component>
      <object_component id="oc-c5">
         <name>.debug_info</name>
         <load_address>0x3bd5</load_address>
         <run_address>0x3bd5</run_address>
         <size>0xe6</size>
         <input_file_ref idref="fl-7"/>
      </object_component>
      <object_component id="oc-ce">
         <name>.debug_info</name>
         <load_address>0x3cbb</load_address>
         <run_address>0x3cbb</run_address>
         <size>0xee</size>
         <input_file_ref idref="fl-7"/>
      </object_component>
      <object_component id="oc-d4">
         <name>.debug_info</name>
         <load_address>0x3da9</load_address>
         <run_address>0x3da9</run_address>
         <size>0xec</size>
         <input_file_ref idref="fl-7"/>
      </object_component>
      <object_component id="oc-c8">
         <name>.debug_info</name>
         <load_address>0x3e95</load_address>
         <run_address>0x3e95</run_address>
         <size>0x14c</size>
         <input_file_ref idref="fl-7"/>
      </object_component>
      <object_component id="oc-d8">
         <name>.debug_info</name>
         <load_address>0x3fe1</load_address>
         <run_address>0x3fe1</run_address>
         <size>0x173</size>
         <input_file_ref idref="fl-7"/>
      </object_component>
      <object_component id="oc-25b">
         <name>.debug_info</name>
         <load_address>0x4154</load_address>
         <run_address>0x4154</run_address>
         <size>0xf9</size>
         <input_file_ref idref="fl-7"/>
      </object_component>
      <object_component id="oc-e4">
         <name>.debug_info</name>
         <load_address>0x424d</load_address>
         <run_address>0x424d</run_address>
         <size>0xfe</size>
         <input_file_ref idref="fl-7"/>
      </object_component>
      <object_component id="oc-e1">
         <name>.debug_info</name>
         <load_address>0x434b</load_address>
         <run_address>0x434b</run_address>
         <size>0x109</size>
         <input_file_ref idref="fl-7"/>
      </object_component>
      <object_component id="oc-dc">
         <name>.debug_info</name>
         <load_address>0x4454</load_address>
         <run_address>0x4454</run_address>
         <size>0xe5</size>
         <input_file_ref idref="fl-7"/>
      </object_component>
      <object_component id="oc-35">
         <name>.debug_info</name>
         <load_address>0x4539</load_address>
         <run_address>0x4539</run_address>
         <size>0x9eb</size>
         <input_file_ref idref="fl-7"/>
      </object_component>
      <object_component id="oc-232">
         <name>.debug_info</name>
         <load_address>0x4f24</load_address>
         <run_address>0x4f24</run_address>
         <size>0x9e</size>
         <input_file_ref idref="fl-7"/>
      </object_component>
      <object_component id="oc-1b0">
         <name>.debug_info</name>
         <load_address>0x4fc2</load_address>
         <run_address>0x4fc2</run_address>
         <size>0x196</size>
         <input_file_ref idref="fl-7"/>
      </object_component>
      <object_component id="oc-27c">
         <name>.debug_info</name>
         <load_address>0x5158</load_address>
         <run_address>0x5158</run_address>
         <size>0x181</size>
         <input_file_ref idref="fl-8"/>
      </object_component>
      <object_component id="oc-279">
         <name>.debug_info</name>
         <load_address>0x52d9</load_address>
         <run_address>0x52d9</run_address>
         <size>0xfe</size>
         <input_file_ref idref="fl-8"/>
      </object_component>
      <object_component id="oc-10b">
         <name>.debug_info</name>
         <load_address>0x53d7</load_address>
         <run_address>0x53d7</run_address>
         <size>0x2ada</size>
         <input_file_ref idref="fl-8"/>
      </object_component>
      <object_component id="oc-1be">
         <name>.debug_info</name>
         <load_address>0x7eb1</load_address>
         <run_address>0x7eb1</run_address>
         <size>0x343</size>
         <input_file_ref idref="fl-c"/>
      </object_component>
      <object_component id="oc-1db">
         <name>.debug_info</name>
         <load_address>0x81f4</load_address>
         <run_address>0x81f4</run_address>
         <size>0x1b0</size>
         <input_file_ref idref="fl-15"/>
      </object_component>
      <object_component id="oc-1cf">
         <name>.debug_info</name>
         <load_address>0x83a4</load_address>
         <run_address>0x83a4</run_address>
         <size>0x107</size>
         <input_file_ref idref="fl-15"/>
      </object_component>
      <object_component id="oc-1d2">
         <name>.debug_info</name>
         <load_address>0x84ab</load_address>
         <run_address>0x84ab</run_address>
         <size>0x155</size>
         <input_file_ref idref="fl-15"/>
      </object_component>
      <object_component id="oc-1d5">
         <name>.debug_info</name>
         <load_address>0x8600</load_address>
         <run_address>0x8600</run_address>
         <size>0x109</size>
         <input_file_ref idref="fl-15"/>
      </object_component>
      <object_component id="oc-1d8">
         <name>.debug_info</name>
         <load_address>0x8709</load_address>
         <run_address>0x8709</run_address>
         <size>0xfb</size>
         <input_file_ref idref="fl-15"/>
      </object_component>
      <object_component id="oc-a6">
         <name>.debug_info</name>
         <load_address>0x8804</load_address>
         <run_address>0x8804</run_address>
         <size>0x314d</size>
         <input_file_ref idref="fl-15"/>
      </object_component>
      <object_component id="oc-293">
         <name>.debug_info</name>
         <load_address>0xb951</load_address>
         <run_address>0xb951</run_address>
         <size>0x198</size>
         <input_file_ref idref="fl-18"/>
      </object_component>
      <object_component id="oc-281">
         <name>.debug_info</name>
         <load_address>0xbae9</load_address>
         <run_address>0xbae9</run_address>
         <size>0xf6</size>
         <input_file_ref idref="fl-18"/>
      </object_component>
      <object_component id="oc-284">
         <name>.debug_info</name>
         <load_address>0xbbdf</load_address>
         <run_address>0xbbdf</run_address>
         <size>0xee</size>
         <input_file_ref idref="fl-18"/>
      </object_component>
      <object_component id="oc-287">
         <name>.debug_info</name>
         <load_address>0xbccd</load_address>
         <run_address>0xbccd</run_address>
         <size>0xf2</size>
         <input_file_ref idref="fl-18"/>
      </object_component>
      <object_component id="oc-28a">
         <name>.debug_info</name>
         <load_address>0xbdbf</load_address>
         <run_address>0xbdbf</run_address>
         <size>0xf8</size>
         <input_file_ref idref="fl-18"/>
      </object_component>
      <object_component id="oc-28d">
         <name>.debug_info</name>
         <load_address>0xbeb7</load_address>
         <run_address>0xbeb7</run_address>
         <size>0xf6</size>
         <input_file_ref idref="fl-18"/>
      </object_component>
      <object_component id="oc-290">
         <name>.debug_info</name>
         <load_address>0xbfad</load_address>
         <run_address>0xbfad</run_address>
         <size>0xfa</size>
         <input_file_ref idref="fl-18"/>
      </object_component>
      <object_component id="oc-27e">
         <name>.debug_info</name>
         <load_address>0xc0a7</load_address>
         <run_address>0xc0a7</run_address>
         <size>0xf7</size>
         <input_file_ref idref="fl-18"/>
      </object_component>
      <object_component id="oc-111">
         <name>.debug_info</name>
         <load_address>0xc19e</load_address>
         <run_address>0xc19e</run_address>
         <size>0xcf7</size>
         <input_file_ref idref="fl-18"/>
      </object_component>
      <object_component id="oc-1cd">
         <name>.debug_info</name>
         <load_address>0xce95</load_address>
         <run_address>0xce95</run_address>
         <size>0x209</size>
         <input_file_ref idref="fl-20"/>
      </object_component>
      <object_component id="oc-1c4">
         <name>.debug_info</name>
         <load_address>0xd09e</load_address>
         <run_address>0xd09e</run_address>
         <size>0xed</size>
         <input_file_ref idref="fl-20"/>
      </object_component>
      <object_component id="oc-1c7">
         <name>.debug_info</name>
         <load_address>0xd18b</load_address>
         <run_address>0xd18b</run_address>
         <size>0xf9</size>
         <input_file_ref idref="fl-20"/>
      </object_component>
      <object_component id="oc-1bb">
         <name>.debug_info</name>
         <load_address>0xd284</load_address>
         <run_address>0xd284</run_address>
         <size>0xf3</size>
         <input_file_ref idref="fl-20"/>
      </object_component>
      <object_component id="oc-1ca">
         <name>.debug_info</name>
         <load_address>0xd377</load_address>
         <run_address>0xd377</run_address>
         <size>0x100</size>
         <input_file_ref idref="fl-20"/>
      </object_component>
      <object_component id="oc-a0">
         <name>.debug_info</name>
         <load_address>0xd477</load_address>
         <run_address>0xd477</run_address>
         <size>0x2a7c</size>
         <input_file_ref idref="fl-20"/>
      </object_component>
      <object_component id="oc-32f">
         <name>.debug_info</name>
         <load_address>0xfef3</load_address>
         <run_address>0xfef3</run_address>
         <size>0x51</size>
         <input_file_ref idref="fl-20"/>
      </object_component>
      <object_component id="oc-219">
         <name>.debug_info</name>
         <load_address>0xff44</load_address>
         <run_address>0xff44</run_address>
         <size>0x127</size>
         <input_file_ref idref="fl-22"/>
      </object_component>
      <object_component id="oc-b2">
         <name>.debug_info</name>
         <load_address>0x1006b</load_address>
         <run_address>0x1006b</run_address>
         <size>0x54c</size>
         <input_file_ref idref="fl-22"/>
      </object_component>
      <object_component id="oc-29e">
         <name>.debug_info</name>
         <load_address>0x105b7</load_address>
         <run_address>0x105b7</run_address>
         <size>0x1ad</size>
         <input_file_ref idref="fl-23"/>
      </object_component>
      <object_component id="oc-295">
         <name>.debug_info</name>
         <load_address>0x10764</load_address>
         <run_address>0x10764</run_address>
         <size>0xfa</size>
         <input_file_ref idref="fl-23"/>
      </object_component>
      <object_component id="oc-298">
         <name>.debug_info</name>
         <load_address>0x1085e</load_address>
         <run_address>0x1085e</run_address>
         <size>0x146</size>
         <input_file_ref idref="fl-23"/>
      </object_component>
      <object_component id="oc-29b">
         <name>.debug_info</name>
         <load_address>0x109a4</load_address>
         <run_address>0x109a4</run_address>
         <size>0x10c</size>
         <input_file_ref idref="fl-23"/>
      </object_component>
      <object_component id="oc-117">
         <name>.debug_info</name>
         <load_address>0x10ab0</load_address>
         <run_address>0x10ab0</run_address>
         <size>0x2357</size>
         <input_file_ref idref="fl-23"/>
      </object_component>
      <object_component id="oc-269">
         <name>.debug_info</name>
         <load_address>0x12e07</load_address>
         <run_address>0x12e07</run_address>
         <size>0x1a2</size>
         <input_file_ref idref="fl-24"/>
      </object_component>
      <object_component id="oc-260">
         <name>.debug_info</name>
         <load_address>0x12fa9</load_address>
         <run_address>0x12fa9</run_address>
         <size>0xf7</size>
         <input_file_ref idref="fl-24"/>
      </object_component>
      <object_component id="oc-263">
         <name>.debug_info</name>
         <load_address>0x130a0</load_address>
         <run_address>0x130a0</run_address>
         <size>0x141</size>
         <input_file_ref idref="fl-24"/>
      </object_component>
      <object_component id="oc-266">
         <name>.debug_info</name>
         <load_address>0x131e1</load_address>
         <run_address>0x131e1</run_address>
         <size>0x109</size>
         <input_file_ref idref="fl-24"/>
      </object_component>
      <object_component id="oc-ff">
         <name>.debug_info</name>
         <load_address>0x132ea</load_address>
         <run_address>0x132ea</run_address>
         <size>0x2668</size>
         <input_file_ref idref="fl-24"/>
      </object_component>
      <object_component id="oc-21b">
         <name>.debug_info</name>
         <load_address>0x15952</load_address>
         <run_address>0x15952</run_address>
         <size>0x18a</size>
         <input_file_ref idref="fl-25"/>
      </object_component>
      <object_component id="oc-b8">
         <name>.debug_info</name>
         <load_address>0x15adc</load_address>
         <run_address>0x15adc</run_address>
[...]
         <object_component_ref idref="oc-ab"/>
      </symbol>
      <symbol id="sm-10be">
         <name>USBHCDControlTransfer</name>
         <value>0x2701</value>
         <object_component_ref idref="oc-ab"/>
      </symbol>
      <symbol id="sm-10bf">
         <name>USBHCDDevHubPort</name>
         <value>0x2aaf</value>
         <object_component_ref idref="oc-ab"/>
      </symbol>
      <symbol id="sm-10c0">
         <name>USBHCDLPMStatus</name>
         <value>0x2ca9</value>
         <object_component_ref idref="oc-ab"/>
      </symbol>
      <symbol id="sm-10c1">
         <name>USBHCDLPMResume</name>
         <value>0x2d39</value>
         <object_component_ref idref="oc-ab"/>
      </symbol>
      <symbol id="sm-10c2">
         <name>USB0HostIntHandler</name>
         <value>0x20fb</value>
         <object_component_ref idref="oc-ab"/>
      </symbol>
      <symbol id="sm-10c3">
         <name>USBHCDEventDisable</name>
         <value>0x41b</value>
         <object_component_ref idref="oc-ab"/>
      </symbol>
      <symbol id="sm-10c4">
         <name>USBHostCheckPipes</name>
         <value>0x1941</value>
         <object_component_ref idref="oc-ab"/>
      </symbol>
      <symbol id="sm-10c5">
         <name>USBHCDPipeAllocSize</name>
         <value>0x5f1</value>
         <object_component_ref idref="oc-ab"/>
      </symbol>
      <symbol id="sm-10c6">
         <name>InternalUSBHCDSendEvent</name>
         <value>0x21e5</value>
         <object_component_ref idref="oc-ab"/>
      </symbol>
      <symbol id="sm-10c7">
         <name>USBHCDDevProtocol</name>
         <value>0x2ba1</value>
         <object_component_ref idref="oc-ab"/>
      </symbol>
      <symbol id="sm-10c8">
         <name>USBHCDPipeFree</name>
         <value>0xf85</value>
         <object_component_ref idref="oc-ab"/>
      </symbol>
      <symbol id="sm-10c9">
         <name>USBHCDDevSubClass</name>
         <value>0x2b55</value>
         <object_component_ref idref="oc-ab"/>
      </symbol>
      <symbol id="sm-10ca">
         <name>USBHCDPowerConfigGet</name>
         <value>0x12ed</value>
         <object_component_ref idref="oc-ab"/>
      </symbol>
      <symbol id="sm-10cb">
         <name>USBHCDDevAddress</name>
         <value>0x2ad3</value>
         <object_component_ref idref="oc-ab"/>
      </symbol>
      <symbol id="sm-10cc">
         <name>USBHCDSetConfig</name>
         <value>0x18ad</value>
         <object_component_ref idref="oc-ab"/>
      </symbol>
      <symbol id="sm-10cd">
         <name>USBHCDPipeStatus</name>
         <value>0xa15</value>
         <object_component_ref idref="oc-ab"/>
      </symbol>
      <symbol id="sm-10ce">
         <name>USBHCDSuspend</name>
         <value>0x15b7</value>
         <object_component_ref idref="oc-ab"/>
      </symbol>
      <symbol id="sm-10cf">
         <name>ConfigDescAlloc</name>
         <value>0x26d</value>
         <object_component_ref idref="oc-ab"/>
      </symbol>
      <symbol id="sm-10d0">
         <name>USBHCDPipeAlloc</name>
         <value>0x84d</value>
         <object_component_ref idref="oc-ab"/>
      </symbol>
      <symbol id="sm-10d1">
         <name>USBHCDTerm</name>
         <value>0x14dd</value>
         <object_component_ref idref="oc-ab"/>
      </symbol>
      <symbol id="sm-10d2">
         <name>USBHCDPipeConfig</name>
         <value>0x895</value>
         <object_component_ref idref="oc-ab"/>
      </symbol>
      <symbol id="sm-10f5">
         <name>USBHSCSIModeSense6</name>
         <value>0xeb9f</value>
         <object_component_ref idref="oc-21c"/>
      </symbol>
      <symbol id="sm-10f6">
         <name>USBHSCSIReadCapacities</name>
         <value>0xeb4d</value>
         <object_component_ref idref="oc-21c"/>
      </symbol>
      <symbol id="sm-10f7">
         <name>USBHSCSITestUnitReady</name>
         <value>0xebf7</value>
         <object_component_ref idref="oc-21c"/>
      </symbol>
      <symbol id="sm-10f8">
         <name>USBHSCSIInquiry</name>
         <value>0xea9d</value>
         <object_component_ref idref="oc-21c"/>
      </symbol>
      <symbol id="sm-10f9">
         <name>USBHSCSIRead10</name>
         <value>0xeca5</value>
         <object_component_ref idref="oc-21c"/>
      </symbol>
      <symbol id="sm-10fa">
         <name>USBHSCSIWrite10</name>
         <value>0xed31</value>
         <object_component_ref idref="oc-21c"/>
      </symbol>
      <symbol id="sm-10fb">
         <name>USBHSCSIReadCapacity</name>
         <value>0xeaf5</value>
         <object_component_ref idref="oc-21c"/>
      </symbol>
      <symbol id="sm-10fc">
         <name>USBHSCSIRequestSense</name>
         <value>0xec49</value>
         <object_component_ref idref="oc-21c"/>
      </symbol>
      <symbol id="sm-1126">
         <name>USBDescGetInterfaceEndpoint</name>
         <value>0xf87b</value>
         <object_component_ref idref="oc-200"/>
      </symbol>
      <symbol id="sm-1127">
         <name>USBDescGetInterface</name>
         <value>0xf84d</value>
         <object_component_ref idref="oc-200"/>
      </symbol>
      <symbol id="sm-1128">
         <name>USBDescGet</name>
         <value>0xf729</value>
         <object_component_ref idref="oc-200"/>
      </symbol>
      <symbol id="sm-1129">
         <name>USBDescGetNum</name>
         <value>0xf6cd</value>
         <object_component_ref idref="oc-200"/>
      </symbol>
      <symbol id="sm-112a">
         <name>USBDescGetNumAlternateInterfaces</name>
         <value>0xf793</value>
         <object_component_ref idref="oc-200"/>
      </symbol>
      <symbol id="sm-11f6">
         <name>USBLibDMASizeGet</name>
         <value>0x9a1b</value>
         <object_component_ref idref="oc-1eb"/>
      </symbol>
      <symbol id="sm-11f7">
         <name>USBLibDMAAddrGet</name>
         <value>0x9a03</value>
         <object_component_ref idref="oc-1eb"/>
      </symbol>
      <symbol id="sm-11f8">
         <name>USBLibDMAInit</name>
         <value>0x9a33</value>
         <object_component_ref idref="oc-1eb"/>
      </symbol>
      <symbol id="sm-1261">
         <name>g_ui32PollRate</name>
         <value>0x200015dc</value>
      </symbol>
      <symbol id="sm-1262">
         <name>g_eOTGModeState</name>
         <value>0x200015ee</value>
      </symbol>
      <symbol id="sm-1263">
         <name>USBOTGModeTerm</name>
         <value>0xdbcd</value>
         <object_component_ref idref="oc-40"/>
      </symbol>
      <symbol id="sm-1264">
         <name>USB0DualModeIntHandler</name>
         <value>0xdb01</value>
         <object_component_ref idref="oc-40"/>
      </symbol>
      <symbol id="sm-1265">
         <name>USBOTGMain</name>
         <value>0xddd9</value>
         <object_component_ref idref="oc-40"/>
      </symbol>
      <symbol id="sm-1266">
         <name>USB0OTGModeIntHandler</name>
         <value>0xdcd1</value>
         <object_component_ref idref="oc-40"/>
      </symbol>
      <symbol id="sm-1267">
         <name>USBDualModeInit</name>
         <value>0xdb4d</value>
         <object_component_ref idref="oc-40"/>
      </symbol>
      <symbol id="sm-1268">
         <name>USBDualModeTerm</name>
         <value>0xdbab</value>
         <object_component_ref idref="oc-40"/>
      </symbol>
      <symbol id="sm-1269">
         <name>g_iUSBMode</name>
         <value>0x2000032c</value>
         <object_component_ref idref="oc-136"/>
      </symbol>
      <symbol id="sm-126a">
         <name>USBOTGModeInit</name>
         <value>0xdbf5</value>
         <object_component_ref idref="oc-40"/>
      </symbol>
      <symbol id="sm-126b">
         <name>USBStackModeSet</name>
         <value>0xdac5</value>
         <object_component_ref idref="oc-40"/>
      </symbol>
      <symbol id="sm-126c">
         <name>g_ui32WaitTicks</name>
         <value>0x20000330</value>
         <object_component_ref idref="oc-136"/>
      </symbol>
      <symbol id="sm-126d">
         <name>USBOTGPollRate</name>
         <value>0xdcad</value>
         <object_component_ref idref="oc-40"/>
      </symbol>
      <symbol id="sm-126e">
         <name>OTGDeviceDisconnect</name>
         <value>0xddb9</value>
         <object_component_ref idref="oc-40"/>
      </symbol>
      <symbol id="sm-126f">
         <name>USBOTGFeatureSet</name>
         <value>0xde6f</value>
         <object_component_ref idref="oc-40"/>
      </symbol>
      <symbol id="sm-1299">
         <name>g_pfnTickHandlers</name>
         <value>0x20001574</value>
      </symbol>
      <symbol id="sm-129a">
         <name>g_pvTickInstance</name>
         <value>0x2000158c</value>
      </symbol>
      <symbol id="sm-129b">
         <name>g_ui32USBSOFCount</name>
         <value>0x20000328</value>
         <object_component_ref idref="oc-1fd"/>
      </symbol>
      <symbol id="sm-129c">
         <name>InternalUSBTickReset</name>
         <value>0xf9e3</value>
         <object_component_ref idref="oc-130"/>
      </symbol>
      <symbol id="sm-129d">
         <name>g_bUSBTimerInitialized</name>
         <value>0x20000320</value>
         <object_component_ref idref="oc-1fd"/>
      </symbol>
      <symbol id="sm-129e">
         <name>g_ui32CurrentUSBTick</name>
         <value>0x20000324</value>
         <object_component_ref idref="oc-1fd"/>
      </symbol>
      <symbol id="sm-129f">
         <name>InternalUSBStartOfFrameTick</name>
         <value>0xfa3b</value>
         <object_component_ref idref="oc-130"/>
      </symbol>
      <symbol id="sm-12a0">
         <name>InternalUSBRegisterTickHandler</name>
         <value>0xf9eb</value>
         <object_component_ref idref="oc-130"/>
      </symbol>
      <symbol id="sm-12a1">
         <name>InternalUSBTickInit</name>
         <value>0xf9a5</value>
         <object_component_ref idref="oc-130"/>
      </symbol>
      <symbol id="sm-12ae">
         <name>ULPIPowerTransceiver</name>
         <value>0xfb33</value>
         <object_component_ref idref="oc-1f1"/>
      </symbol>
      <symbol id="sm-12af">
         <name>ULPIConfigSet</name>
         <value>0xfa91</value>
         <object_component_ref idref="oc-1f1"/>
      </symbol>
      <symbol id="sm-132a">
         <name>UARTgetc</name>
         <value>0xd6ef</value>
         <object_component_ref idref="oc-104"/>
      </symbol>
      <symbol id="sm-132b">
         <name>UARTgets</name>
         <value>0xd635</value>
         <object_component_ref idref="oc-104"/>
      </symbol>
      <symbol id="sm-132c">
         <name>UARTStdioConfig</name>
         <value>0xd5a9</value>
         <object_component_ref idref="oc-104"/>
      </symbol>
      <symbol id="sm-132d">
         <name>UARTwrite</name>
         <value>0xd5ef</value>
         <object_component_ref idref="oc-104"/>
      </symbol>
      <symbol id="sm-132e">
         <name>UARTprintf</name>
         <value>0xda0f</value>
         <object_component_ref idref="oc-104"/>
      </symbol>
      <symbol id="sm-132f">
         <name>UARTvprintf</name>
         <value>0xd715</value>
         <object_component_ref idref="oc-104"/>
      </symbol>
      <symbol id="sm-140f">
         <name>uvsnprintf</name>
         <value>0x9c3d</value>
         <object_component_ref idref="oc-99"/>
      </symbol>
      <symbol id="sm-1410">
         <name>ustrncasecmp</name>
         <value>0xa705</value>
         <object_component_ref idref="oc-99"/>
      </symbol>
      <symbol id="sm-1411">
         <name>ustrncpy</name>
         <value>0x9be5</value>
         <object_component_ref idref="oc-99"/>
      </symbol>
      <symbol id="sm-1412">
         <name>ustrlen</name>
         <value>0xa6ad</value>
         <object_component_ref idref="oc-99"/>
      </symbol>
      <symbol id="sm-1413">
         <name>ulocaltime</name>
         <value>0xa0c9</value>
         <object_component_ref idref="oc-99"/>
      </symbol>
      <symbol id="sm-1414">
         <name>ustrtof</name>
         <value>0xa475</value>
         <object_component_ref idref="oc-99"/>
      </symbol>
      <symbol id="sm-1415">
         <name>ustrstr</name>
         <value>0xa6cf</value>
         <object_component_ref idref="oc-99"/>
      </symbol>
      <symbol id="sm-1416">
         <name>ustrcmp</name>
         <value>0xa81d</value>
         <object_component_ref idref="oc-99"/>
      </symbol>
      <symbol id="sm-1417">
         <name>usprintf</name>
         <value>0xa067</value>
         <object_component_ref idref="oc-99"/>
      </symbol>
      <symbol id="sm-1418">
         <name>usnprintf</name>
         <value>0xa099</value>
         <object_component_ref idref="oc-99"/>
      </symbol>
      <symbol id="sm-1419">
         <name>ustrtoul</name>
         <value>0xa33d</value>
         <object_component_ref idref="oc-99"/>
      </symbol>
      <symbol id="sm-141a">
         <name>ustrcasecmp</name>
         <value>0xa7a9</value>
         <object_component_ref idref="oc-99"/>
      </symbol>
      <symbol id="sm-141b">
         <name>umktime</name>
         <value>0xa2c7</value>
         <object_component_ref idref="oc-99"/>
      </symbol>
      <symbol id="sm-141c">
         <name>usrand</name>
         <value>0xa831</value>
         <object_component_ref idref="oc-99"/>
      </symbol>
      <symbol id="sm-141d">
         <name>ustrncmp</name>
         <value>0xa7bd</value>
         <object_component_ref idref="oc-99"/>
      </symbol>
      <symbol id="sm-141e">
         <name>urand</name>
         <value>0xa841</value>
         <object_component_ref idref="oc-99"/>
      </symbol>
      <symbol id="sm-1430">
         <name>_c_int00</name>
         <value>0xfdd1</value>
         <object_component_ref idref="oc-24"/>
      </symbol>
      <symbol id="sm-1431">
         <name>__stack</name>
         <value>0x20001860</value>
         <object_component_ref idref="oc-2a"/>
      </symbol>
      <symbol id="sm-144f">
         <name>__TI_decompress_lzss</name>
         <value>0xfd69</value>
         <object_component_ref idref="oc-12"/>
      </symbol>
      <symbol id="sm-1466">
         <name>__TI_decompress_none</name>
         <value>0xff71</value>
         <object_component_ref idref="oc-18"/>
      </symbol>
      <symbol id="sm-1478">
         <name>__TI_zero_init</name>
         <value>0xff7f</value>
         <object_component_ref idref="oc-1e"/>
      </symbol>
      <symbol id="sm-149d">
         <name>C$$EXIT</name>
         <value>0xfe25</value>
         <object_component_ref idref="oc-84"/>
      </symbol>
      <symbol id="sm-149e">
         <name>abort</name>
         <value>0xfe29</value>
         <object_component_ref idref="oc-84"/>
      </symbol>
      <symbol id="sm-149f">
         <name>exit</name>
         <value>0xfe31</value>
         <object_component_ref idref="oc-84"/>
      </symbol>
      <symbol id="sm-14a0">
         <name>__TI_dtors_ptr</name>
         <value>0x20000318</value>
         <object_component_ref idref="oc-173"/>
      </symbol>
      <symbol id="sm-14a1">
         <name>__TI_cleanup_ptr</name>
         <value>0x20000314</value>
         <object_component_ref idref="oc-173"/>
      </symbol>
      <symbol id="sm-14a2">
         <name>__TI_enable_exit_profile_output</name>
         <value>0x2000031c</value>
         <object_component_ref idref="oc-173"/>
      </symbol>
      <symbol id="sm-14c6">
         <name>memcpy</name>
         <value>0xfb59</value>
         <object_component_ref idref="oc-54"/>
      </symbol>
      <symbol id="sm-14c7">
         <name>__aeabi_memcpy</name>
         <value>0xfb59</value>
         <object_component_ref idref="oc-54"/>
      </symbol>
      <symbol id="sm-14c8">
         <name>__aeabi_memcpy8</name>
         <value>0xfb59</value>
         <object_component_ref idref="oc-54"/>
      </symbol>
      <symbol id="sm-14c9">
         <name>__aeabi_memcpy4</name>
         <value>0xfb59</value>
         <object_component_ref idref="oc-54"/>
      </symbol>
      <symbol id="sm-14de">
         <name>_sys_memory</name>
         <value>0x20000368</value>
         <object_component_ref idref="oc-2b"/>
      </symbol>
      <symbol id="sm-14ed">
         <name>__aeabi_memset</name>
         <value>0xfc7f</value>
         <object_component_ref idref="oc-60"/>
      </symbol>
      <symbol id="sm-14ee">
         <name>memset</name>
         <value>0xfc85</value>
         <object_component_ref idref="oc-60"/>
      </symbol>
      <symbol id="sm-14ef">
         <name>__aeabi_memset8</name>
         <value>0xfc7f</value>
         <object_component_ref idref="oc-60"/>
      </symbol>
      <symbol id="sm-14f0">
         <name>__aeabi_memset4</name>
         <value>0xfc7f</value>
         <object_component_ref idref="oc-60"/>
      </symbol>
      <symbol id="sm-14f1">
         <name>__aeabi_memclr8</name>
         <value>0xfc7d</value>
         <object_component_ref idref="oc-60"/>
      </symbol>
      <symbol id="sm-14f2">
         <name>__aeabi_memclr4</name>
         <value>0xfc7d</value>
         <object_component_ref idref="oc-60"/>
      </symbol>
      <symbol id="sm-14f3">
         <name>__aeabi_memclr</name>
         <value>0xfc7d</value>
         <object_component_ref idref="oc-60"/>
      </symbol>
      <symbol id="sm-14fd">
         <name>__mpu_init</name>
         <value>0xcac3</value>
         <object_component_ref idref="oc-6c"/>
      </symbol>
      <symbol id="sm-1507">
         <name>_system_pre_init</name>
         <value>0xff9d</value>
         <object_component_ref idref="oc-72"/>
      </symbol>
      <symbol id="sm-1510">
         <name>main_func_sp</name>
         <value>0x2000035c</value>
         <object_component_ref idref="oc-8a"/>
      </symbol>
      <symbol id="sm-1520">
         <name>__aeabi_uidivmod</name>
         <value>0xfec5</value>
         <object_component_ref idref="oc-19d"/>
      </symbol>
      <symbol id="sm-1521">
         <name>__aeabi_uidiv</name>
         <value>0xfec5</value>
         <object_component_ref idref="oc-19d"/>
      </symbol>
      <symbol id="sm-153b">
         <name>_nop</name>
         <value>0xff6b</value>
         <object_component_ref idref="oc-2fb"/>
      </symbol>
      <symbol id="sm-153c">
         <name>_lock</name>
         <value>0x20000338</value>
         <object_component_ref idref="oc-176"/>
      </symbol>
      <symbol id="sm-153d">
         <name>_unlock</name>
         <value>0x2000033c</value>
         <object_component_ref idref="oc-176"/>
      </symbol>
      <symbol id="sm-153e">
         <name>_register_lock</name>
         <value>0xff63</value>
         <object_component_ref idref="oc-2fb"/>
      </symbol>
      <symbol id="sm-153f">
         <name>_register_unlock</name>
         <value>0xff5d</value>
         <object_component_ref idref="oc-2fb"/>
      </symbol>
      <symbol id="sm-1553">
         <name>_args_main</name>
         <value>0xff45</value>
         <object_component_ref idref="oc-7e"/>
      </symbol>
      <symbol id="sm-157d">
         <name>__TI_auto_init</name>
         <value>0xfcf9</value>
         <object_component_ref idref="oc-78"/>
      </symbol>
      <symbol id="sm-1597">
         <name>copy_in</name>
         <value>0xfe79</value>
         <object_component_ref idref="oc-163"/>
      </symbol>
      <symbol id="sm-15a1">
         <name>__aeabi_idiv0</name>
         <value>0x5717</value>
         <object_component_ref idref="oc-312"/>
      </symbol>
      <symbol id="sm-15b0">
         <name>_system_post_cinit</name>
         <value>0xd0c7</value>
         <object_component_ref idref="oc-169"/>
      </symbol>
      <symbol id="sm-15b2">
         <name>__TI_static_base__</name>
         <value>0x0</value>
      </symbol>
      <symbol id="sm-15b5">
         <name>SHT$$INIT_ARRAY$$Limit</name>
         <value>0x0</value>
      </symbol>
      <symbol id="sm-15b6">
         <name>SHT$$INIT_ARRAY$$Base</name>
         <value>0x0</value>
      </symbol>
   </symbol_table>
   <title>Link successful</title>
</link_info>
