******************************************************************************
                  TI ARM Linker Unix v16.9.0                   
******************************************************************************
>> Linked Tue Jan 17 15:23:34 2017

OUTPUT FILE NAME:   <EmbeddedUSB.out>
ENTRY POINT SYMBOL: "_c_int00"  address: 0000fdd1


MEMORY CONFIGURATION

         name            origin    length      used     unused   attr    fill
----------------------  --------  ---------  --------  --------  ----  --------
  FLASH                 00000000   00040000  00010720  0002f8e0  R  X
  SRAM                  20000000   00008000  000019cc  00006634  RW X


SEGMENT ALLOCATION MAP

run origin  load origin   length   init length attrs members
----------  ----------- ---------- ----------- ----- -------
00000000    00000000    00010720   00010720    r-x
  00000000    00000000    0000026c   0000026c    r-- .intvecs
  0000026c    0000026c    0000fd34   0000fd34    r-x .text
  0000ffa0    0000ffa0    00000718   00000718    r-- .const
  000106b8    000106b8    00000068   00000068    r-- .cinit
20000000    20000000    00000370   00000000    rw-
  20000000    20000000    0000026c   00000000    rw- .vtable
  2000026c    2000026c    000000f8   00000000    rw- .data
  20000368    20000368    00000008   00000000    rw- .sysmem
20000400    20000400    00001660   00000000    rw-
  20000400    20000400    00001460   00000000    rw- .bss
  20001860    20001860    00000200   00000000    rw- .stack


SECTION ALLOCATION MAP

 output                                  attributes/
section   page    origin      length       input sections
--------  ----  ----------  ----------   ----------------
.intvecs   0    00000000    0000026c     
                  00000000    0000026c     tm4c123gh6pm_startup_ccs.obj (.intvecs)

.text      0    0000026c    0000fd34     
                  0000026c    00002b0c     usbhostenum.obj (.text)
                  00002d78    0000299e     ff.obj (.text)
                  00005716    00000002     rtsv7M4_T_le_v4SPD16_eabi.lib : i_div0.obj (.text)
                  00005718    000015b4     usb.obj (.text)
                  00006ccc    000011d4     usbdenum.obj (.text)
                  00007ea0    00000f00     sysctl.obj (.text)
                  00008da0    00000e44     usbdma.obj (.text)
                  00009be4    00000c84     ustdlib.obj (.text)
                  0000a868    00000bb8     gpio.obj (.text)
                  0000b420    00000904     usbhhub.obj (.text)
                  0000bd24    0000077c     adc.obj (.text)
                  0000c4a0    00000622     uart.obj (.text)
                  0000cac2    00000002     rtsv7M4_T_le_v4SPD16_eabi.lib : mpu_init.obj (.text)
                  0000cac4    00000602     timer.obj (.text)
                  0000d0c6    00000002     rtsv7M4_T_le_v4SPD16_eabi.lib : startup.obj (.text)
                  0000d0c8    000004e0     udma.obj (.text)
                  0000d5a8    0000049c     uartstdio.obj (.text)
                  0000da44    0000047c     usbmode.obj (.text)
                  0000dec0    000003c0     interrupt.obj (.text)
                  0000e280    000003c0     usbDiskController.obj (.text)
                  0000e640    000003bc     usbhmsc.obj (.text)
                  0000e9fc    000003bc     usbhscsi.obj (.text)
                  0000edb8    00000388     usbdconfig.obj (.text)
                  0000f140    000002de     usbdcdesc.obj (.text)
                  0000f41e    00000002     --HOLE-- [fill = 0]
                  0000f420    000002ac     main.obj (.text)
                  0000f6cc    000001d2     usbdesc.obj (.text)
                  0000f89e    00000002     --HOLE-- [fill = 0]
                  0000f8a0    00000104     diskio.obj (.text)
                  0000f9a4    000000ec     usbtick.obj (.text)
                  0000fa90    000000c8     usbulpi.obj (.text)
                  0000fb58    0000009c     rtsv7M4_T_le_v4SPD16_eabi.lib : memcpy_t2.obj (.text)
                  0000fbf4    00000088     systick.obj (.text)
                  0000fc7c    0000007a     rtsv7M4_T_le_v4SPD16_eabi.lib : memset_t2.obj (.text)
                  0000fcf6    00000002     --HOLE-- [fill = 0]
                  0000fcf8    00000070                                   : autoinit.obj (.text)
                  0000fd68    00000068                                   : copy_decompress_lzss.obj (.text:decompress:lzss)
                  0000fdd0    00000054                                   : boot.obj (.text)
                  0000fe24    00000054                                   : exit.obj (.text)
                  0000fe78    0000004c                                   : cpy_tbl.obj (.text)
                  0000fec4    00000040                                   : u_divt2.obj (.text)
                  0000ff04    0000003e     cpu.obj (.text)
                  0000ff42    00000002     --HOLE-- [fill = 0]
                  0000ff44    00000018     rtsv7M4_T_le_v4SPD16_eabi.lib : args_main.obj (.text)
                  0000ff5c    00000014                                   : _lock.obj (.text)
                  0000ff70    0000000e                                   : copy_decompress_none.obj (.text:decompress:none)
                  0000ff7e    0000000c                                   : copy_zero_init.obj (.text:decompress:ZI)
                  0000ff8a    0000000c     tm4c123gh6pm_startup_ccs.obj (.text)
                  0000ff96    00000006     sysctl.obj (.text:SysCtlDelay)
                  0000ff9c    00000004     rtsv7M4_T_le_v4SPD16_eabi.lib : pre_init.obj (.text)

.const     0    0000ffa0    00000718     
                  0000ffa0    00000120     sysctl.obj (.const:g_pppui32XTALtoVCO)
                  000100c0    000000c0     gpio.obj (.const:g_ppui32GPIOIntMapBlizzard)
                  00010180    000000c0     gpio.obj (.const:g_ppui32GPIOIntMapSnowflake)
                  00010240    0000009c     interrupt.obj (.const:g_pui32Regs)
                  000102dc    00000090     gpio.obj (.const:g_pui32GPIOBaseAddrs)
                  0001036c    0000006c     sysctl.obj (.const:g_pui32Xtals)
                  000103d8    00000060     timer.obj (.const:g_ppui32TimerIntMap)
                  00010438    00000040     timer.obj (.const:g_ppui32TimerIntMapSnowflake)
                  00010478    00000040     uart.obj (.const:g_ppui32UARTIntMap)
                  000104b8    00000040     uart.obj (.const:g_ppui32UARTIntMapSnowflake)
                  000104f8    00000038     sysctl.obj (.const:g_sXTALtoMEMTIM)
                  00010530    00000034     usbdenum.obj (.const:g_psUSBDStdRequests)
                  00010564    00000030     ustdlib.obj (.const:g_psDaysToMonth)
                  00010594    00000020     interrupt.obj (.const:g_pui32Priority)
                  000105b4    00000018     ustdlib.obj (.const:g_pfExponents)
                  000105cc    00000014     interrupt.obj (.const:g_pui32Dii16Regs)
                  000105e0    00000014     interrupt.obj (.const:g_pui32EnRegs)
                  000105f4    00000014     interrupt.obj (.const:g_pui32PendRegs)
                  00010608    00000014     interrupt.obj (.const:g_pui32UnpendRegs)
                  0001061c    00000012     uartstdio.obj (.const:.string)
                  0001062e    00000002     --HOLE-- [fill = 0]
                  00010630    00000012     ustdlib.obj (.const:.string)
                  00010642    00000002     --HOLE-- [fill = 0]
                  00010644    00000010     usbDiskController.obj (.const:g_sUSBEventDriver)
                  00010654    00000010     usbhmsc.obj (.const:g_sUSBHostMSCClassDriver)
                  00010664    0000000c     uartstdio.obj (.const:g_ui32UARTBase)
                  00010670    0000000c     uartstdio.obj (.const:g_ui32UARTPeriph)
                  0001067c    00000008     usbDiskController.obj (.const:g_ppHostClassDrivers)
                  00010684    00000008     sysctl.obj (.const:g_pui32VCOFrequencies)
                  0001068c    00000008     gpio.obj (.const)
                  00010694    00000008     timer.obj (.const)
                  0001069c    00000008     uart.obj (.const)
                  000106a4    00000007     usbDiskController.obj (.const:.string:$P$T0$2)
                  000106ab    00000001     --HOLE-- [fill = 0]
                  000106ac    00000004     uartstdio.obj (.const)
                  000106b0    00000004     usbDiskController.obj (.const)
                  000106b4    00000004     ustdlib.obj (.const)

.cinit     0    000106b8    00000068     
                  000106b8    00000030     (.cinit..data.load) [load image, compression = lzss]
                  000106e8    0000000c     (__TI_handler_table)
                  000106f4    00000004     --HOLE-- [fill = 0]
                  000106f8    00000008     (.cinit..bss.load) [load image, compression = zero_init]
                  00010700    00000008     (.cinit..vtable.load) [load image, compression = zero_init]
                  00010708    00000018     (__TI_cinit_table)

.init_array 
*          0    00000000    00000000     UNINITIALIZED

.vtable    0    20000000    0000026c     UNINITIALIZED
                  20000000    0000026c     interrupt.obj (.vtable)

.data      0    2000026c    000000f8     UNINITIALIZED
                  2000026c    00000050     usbDiskController.obj (.data:g_cCwdBuf)
                  200002bc    0000001c     usbhmsc.obj (.data:g_sUSBHMSCDevice)
                  200002d8    00000018     usbhostenum.obj (.data:g_sUSBHEP0State)
                  200002f0    00000014     usbhostenum.obj (.data)
                  20000304    00000010     usbDiskController.obj (.data)
                  20000314    0000000c     rtsv7M4_T_le_v4SPD16_eabi.lib : exit.obj (.data:$O1$$)
                  20000320    0000000c     usbtick.obj (.data)
                  2000032c    00000009     usbmode.obj (.data)
                  20000335    00000001     diskio.obj (.data)
                  20000336    00000002     --HOLE--
                  20000338    00000008     rtsv7M4_T_le_v4SPD16_eabi.lib : _lock.obj (.data:$O1$$)
                  20000340    00000008     usbdenum.obj (.data)
                  20000348    00000006     main.obj (.data:text$1)
                  2000034e    00000002     --HOLE--
                  20000350    00000005     uartstdio.obj (.data)
                  20000355    00000003     --HOLE--
                  20000358    00000004     main.obj (.data)
                  2000035c    00000004     rtsv7M4_T_le_v4SPD16_eabi.lib : stkdepth_vars.obj (.data)
                  20000360    00000004     ustdlib.obj (.data)

.sysmem    0    20000368    00000008     UNINITIALIZED
                  20000368    00000008     rtsv7M4_T_le_v4SPD16_eabi.lib : memory.obj (.sysmem)

.bss       0    20000400    00001460     UNINITIALIZED
                  20000400    000006cc     usbhostenum.obj (.bss:g_sUSBHCD)
                  20000acc    00000330     (.common:g_pcFilenames)
                  20000dfc    00000234     usbDiskController.obj (.bss:g_sFatFs)
                  20001030    00000224     usbDiskController.obj (.bss:file$1)
                  20001254    00000110     usbdma.obj (.bss:g_psUSBDMAInst)
                  20001364    0000009c     usbhhub.obj (.bss:g_sRootHub)
                  20001400    00000080     (.common:g_pHCDPool)
                  20001480    00000050     (.common:g_psDCDInst)
                  200014d0    00000040     usbdenum.obj (.bss:g_pui8DataBufferIn)
                  20001510    0000001c     usbDiskController.obj (.bss:g_sDirObject)
                  2000152c    00000018     usbhostenum.obj (.bss:g_pi32USBHActiveDriver)
                  20001544    00000018     usbhostenum.obj (.bss:g_ppvDriverInstance)
                  2000155c    00000018     usbDiskController.obj (.bss:g_sFileInfo)
                  20001574    00000018     (.common:g_pfnTickHandlers)
                  2000158c    00000018     (.common:g_pvTickInstance)
                  200015a4    0000000c     usbDiskController.obj (.bss)
                  200015b0    00000008     usbhostenum.obj (.bss:g_pui32Alloc)
                  200015b8    00000008     usbhhub.obj (.bss)
                  200015c0    00000004     ff.obj (.bss:FatFs)
                  200015c4    00000004     adc.obj (.bss:g_pui8OversampleFactor)
                  200015c8    00000004     usbdenum.obj (.bss)
                  200015cc    00000004     usbhostenum.obj (.bss)
                  200015d0    00000004     usbmode.obj (.bss)
                  200015d4    00000004     (.common:ADC_OUT)
                  200015d8    00000004     (.common:g_ppsDevInfo)
                  200015dc    00000004     (.common:g_ui32PollRate)
                  200015e0    00000004     (.common:ui32DriveTimeout)
                  200015e4    00000004     (.common:ui32SysClock)
                  200015e8    00000004     (.common:usbPath)
                  200015ec    00000002     ff.obj (.bss)
                  200015ee    00000001     (.common:g_eOTGModeState)
                  200015ef    00000001     (.common:g_eState)
                  200015f0    00000210     --HOLE--
                  20001800    00000060     (.common:g_psDMAControlTable)

.stack     0    20001860    00000200     UNINITIALIZED
                  20001860    00000200     --HOLE--

MODULE SUMMARY

       Module                         code    ro data   rw data
       ------                         ----    -------   -------
    ./
       usbDiskController.obj          960     35        2325   
       main.obj                       684     0         14     
       tm4c123gh6pm_startup_ccs.obj   12      620       0      
    +--+------------------------------+-------+---------+---------+
       Total:                         1656    655       2339   
                                                               
    ./driverlib/
       usb.obj                        5556    0         0      
       sysctl.obj                     3846    460       0      
       gpio.obj                       3000    536       0      
       adc.obj                        1916    0         4      
       interrupt.obj                  960     268       620    
       timer.obj                      1538    168       0      
       uart.obj                       1570    136       0      
       udma.obj                       1248    0         0      
       systick.obj                    136     0         0      
       cpu.obj                        62      0         0      
    +--+------------------------------+-------+---------+---------+
       Total:                         19832   1568      624    
                                                               
    ./fatfs/src/
       ff.obj                         10654   0         6      
       diskio.obj                     260     0         1      
    +--+------------------------------+-------+---------+---------+
       Total:                         10914   0         7      
                                                               
    ./usblib/
       usbdma.obj                     3652    0         272    
       usbmode.obj                    1148    0         18     
       usbdesc.obj                    466     0         0      
       usbtick.obj                    236     0         60     
       usbulpi.obj                    200     0         0      
    +--+------------------------------+-------+---------+---------+
       Total:                         5702    0         350    
                                                               
    ./usblib/device/
       usbdenum.obj                   4564    52        160    
       usbdconfig.obj                 904     0         0      
       usbdcdesc.obj                  734     0         0      
    +--+------------------------------+-------+---------+---------+
       Total:                         6202    52        160    
                                                               
    ./usblib/host/
       usbhostenum.obj                11020   0         1844   
       usbhhub.obj                    2308    0         164    
       usbhmsc.obj                    956     16        28     
       usbhscsi.obj                   956     0         0      
    +--+------------------------------+-------+---------+---------+
       Total:                         15240   16        2036   
                                                               
    ./utils/
       ustdlib.obj                    3204    94        4      
       uartstdio.obj                  1180    46        5      
    +--+------------------------------+-------+---------+---------+
       Total:                         4384    140       9      
                                                               
    /Applications/ti/ccsv7/tools/compiler/ti-cgt-arm_16.9.0.LTS/lib/rtsv7M4_T_le_v4SPD16_eabi.lib
       memcpy_t2.obj                  156     0         0      
       memset_t2.obj                  122     0         0      
       autoinit.obj                   112     0         0      
       copy_decompress_lzss.obj       104     0         0      
       exit.obj                       84      0         12     
       boot.obj                       84      0         0      
       cpy_tbl.obj                    76      0         0      
       u_divt2.obj                    64      0         0      
       _lock.obj                      20      0         8      
       args_main.obj                  24      0         0      
       copy_decompress_none.obj       14      0         0      
       copy_zero_init.obj             12      0         0      
       pre_init.obj                   4       0         0      
       stkdepth_vars.obj              0       0         4      
       i_div0.obj                     2       0         0      
       mpu_init.obj                   2       0         0      
       startup.obj                    2       0         0      
    +--+------------------------------+-------+---------+---------+
       Total:                         882     0         24     
                                                               
       Heap:                          0       0         8      
       Stack:                         0       0         512    
       Linker Generated:              0       100       0      
    +--+------------------------------+-------+---------+---------+
       Grand Total:                   64812   2531      6069   


LINKER GENERATED COPY TABLES

__TI_cinit_table @ 00010708 records: 3, size/record: 8, table size: 24
	.data: load addr=000106b8, load size=00000030 bytes, run addr=2000026c, run size=000000f8 bytes, compression=lzss
	.bss: load addr=000106f8, load size=00000008 bytes, run addr=20000400, run size=00001460 bytes, compression=zero_init
	.vtable: load addr=00010700, load size=00000008 bytes, run addr=20000000, run size=0000026c bytes, compression=zero_init


LINKER GENERATED HANDLER TABLE

__TI_handler_table @ 000106e8 records: 3, size/record: 4, table size: 12
	index: 0, handler: __TI_zero_init
	index: 1, handler: __TI_decompress_lzss
	index: 2, handler: __TI_decompress_none


GLOBAL SYMBOLS: SORTED ALPHABETICALLY BY Name 

address   name                                 
-------   ----                                 
0000f537  ADC0SS1IntHandler                    
0000c419  ADCBusy                              
0000c461  ADCClockConfigGet                    
0000c437  ADCClockConfigSet                    
0000c233  ADCComparatorConfigure               
0000c303  ADCComparatorIntClear                
0000c2b9  ADCComparatorIntDisable              
0000c2d7  ADCComparatorIntEnable               
0000c2f5  ADCComparatorIntStatus               
0000c24f  ADCComparatorRegionSet               
0000c273  ADCComparatorReset                   
0000c201  ADCHardwareOversampleConfigure       
0000f45d  ADCInit                              
0000be29  ADCIntClear                          
0000c37b  ADCIntClearEx                        
0000bd8f  ADCIntDisable                        
0000c315  ADCIntDisableEx                      
0000bdab  ADCIntEnable                         
0000c32d  ADCIntEnableEx                       
0000bd49  ADCIntRegister                       
0000bdd1  ADCIntStatus                         
0000c349  ADCIntStatusEx                       
0000bd71  ADCIntUnregister                     
0000c3d3  ADCPhaseDelayGet                     
0000c3c1  ADCPhaseDelaySet                     
0000c077  ADCProcessorTrigger                  
0000c3af  ADCReferenceGet                      
0000c393  ADCReferenceSet                      
0000be73  ADCSequenceConfigure                 
0000c3fd  ADCSequenceDMADisable                
0000c3e1  ADCSequenceDMAEnable                 
0000c035  ADCSequenceDataGet                   
0000be59  ADCSequenceDisable                   
0000be3f  ADCSequenceEnable                    
0000bfd3  ADCSequenceOverflow                  
0000bff1  ADCSequenceOverflowClear             
0000bee5  ADCSequenceStepConfigure             
0000c007  ADCSequenceUnderflow                 
0000c01f  ADCSequenceUnderflowClear            
0000c09b  ADCSoftwareOversampleConfigure       
0000c193  ADCSoftwareOversampleDataGet         
0000c0d3  ADCSoftwareOversampleStepConfigure   
200015d4  ADC_OUT                              
0000fe25  C$$EXIT                              
0000ff39  CPUbasepriGet                        
0000ff2b  CPUbasepriSet                        
0000ff05  CPUcpsid                             
0000ff1b  CPUcpsie                             
0000ff11  CPUprimask                           
0000ff27  CPUwfi                               
0000026d  ConfigDescAlloc                      
00000303  ConfigDescFree                       
0000b3fb  GPIOADCTriggerDisable                
0000b3dd  GPIOADCTriggerEnable                 
0000b3bf  GPIODMATriggerDisable                
0000b3a1  GPIODMATriggerEnable                 
0000a927  GPIODirModeGet                       
0000a8cb  GPIODirModeSet                       
0000ae97  GPIOIntClear                         
0000ae5b  GPIOIntDisable                       
0000ae41  GPIOIntEnable                        
0000aeab  GPIOIntRegister                      
0000ae75  GPIOIntStatus                        
0000aa17  GPIOIntTypeGet                       
0000a973  GPIOIntTypeSet                       
0000aec9  GPIOIntUnregister                    
0000acef  GPIOPadConfigGet                     
0000aab5  GPIOPadConfigSet                     
0000b343  GPIOPinConfigure                     
0000aee3  GPIOPinRead                          
0000af1b  GPIOPinTypeADC                       
0000af3f  GPIOPinTypeCAN                       
0000b30f  GPIOPinTypeCIR                       
0000af63  GPIOPinTypeComparator                
0000af87  GPIOPinTypeEPI                       
0000afab  GPIOPinTypeEthernetLED               
0000afcf  GPIOPinTypeEthernetMII               
0000aff3  GPIOPinTypeFan                       
0000b017  GPIOPinTypeGPIOInput                 
0000b03b  GPIOPinTypeGPIOOutput                
0000b05f  GPIOPinTypeGPIOOutputOD              
0000b083  GPIOPinTypeI2C                       
0000b0a7  GPIOPinTypeI2CSCL                    
0000b2c7  GPIOPinTypeKBColumn                  
0000b2a3  GPIOPinTypeKBRow                     
0000b0cb  GPIOPinTypeLCD                       
0000b2eb  GPIOPinTypeLEDSeq                    
0000b0ef  GPIOPinTypeLPC                       
0000b113  GPIOPinTypePECIRx                    
0000b137  GPIOPinTypePECITx                    
0000b15b  GPIOPinTypePWM                       
0000b17f  GPIOPinTypeQEI                       
0000b1a3  GPIOPinTypeSSI                       
0000b1c7  GPIOPinTypeTimer                     
0000b1eb  GPIOPinTypeUART                      
0000b20f  GPIOPinTypeUSBAnalog                 
0000b233  GPIOPinTypeUSBDigital                
0000b257  GPIOPinTypeWakeHigh                  
0000b27d  GPIOPinTypeWakeLow                   
0000b333  GPIOPinWakeStatus                    
0000aefb  GPIOPinWrite                         
0000f421  InitConsole                          
0000f5fd  InitSW1                              
0000e081  IntDisable                           
0000e00f  IntEnable                            
0000e0f3  IntIsEnabled                         
0000ded3  IntMasterDisable                     
0000dec3  IntMasterEnable                      
0000e1e9  IntPendClear                         
0000e179  IntPendSet                           
0000dfeb  IntPriorityGet                       
0000df63  IntPriorityGroupingGet               
0000df49  IntPriorityGroupingSet               
0000e243  IntPriorityMaskGet                   
0000e237  IntPriorityMaskSet                   
0000df9b  IntPrioritySet                       
0000dee3  IntRegister                          
0000e24b  IntTrigger                           
0000df35  IntUnregister                        
000021e5  InternalUSBHCDSendEvent              
0000f9eb  InternalUSBRegisterTickHandler       
0000fa3b  InternalUSBStartOfFrameTick          
0000f9a5  InternalUSBTickInit                  
0000f9e3  InternalUSBTickReset                 
0000ddb9  OTGDeviceDisconnect                  
0000ff8b  ResetISR                             
UNDEFED   SHT$$INIT_ARRAY$$Base                
UNDEFED   SHT$$INIT_ARRAY$$Limit               
0000f569  SW1_IntHandler                       
00008c7f  SysCtlADCSpeedGet                    
00008c55  SysCtlADCSpeedSet                    
00008d4b  SysCtlAltClkConfig                   
0000850d  SysCtlClockFreqSet                   
000089f9  SysCtlClockGet                       
00008d2f  SysCtlClockOutConfig                 
00008829  SysCtlClockSet                       
0000840d  SysCtlDeepSleep                      
00008b6d  SysCtlDeepSleepClockConfigSet        
00008b4d  SysCtlDeepSleepClockSet              
000083ed  SysCtlDeepSleepPowerSet              
0000ff97  SysCtlDelay                          
00007f99  SysCtlFlashSectorSizeGet             
00007f6d  SysCtlFlashSizeGet                   
00008ca9  SysCtlGPIOAHBDisable                 
00008c8d  SysCtlGPIOAHBEnable                  
00008381  SysCtlIntClear                       
00008369  SysCtlIntDisable                     
00008355  SysCtlIntEnable                      
0000832d  SysCtlIntRegister                    
00008391  SysCtlIntStatus                      
00008345  SysCtlIntUnregister                  
000083d3  SysCtlLDODeepSleepGet                
000083c3  SysCtlLDODeepSleepSet                
000083bd  SysCtlLDOSleepGet                    
000083ad  SysCtlLDOSleepSet                    
00008443  SysCtlMOSCConfigSet                  
00008d1b  SysCtlNMIClear                       
00008d15  SysCtlNMIStatus                      
00008459  SysCtlPIOSCCalibrate                 
00008c3b  SysCtlPWMClockGet                    
00008c21  SysCtlPWMClockSet                    
000082d9  SysCtlPeripheralClockGating          
00008291  SysCtlPeripheralDeepSleepDisable     
00008241  SysCtlPeripheralDeepSleepEnable      
0000817d  SysCtlPeripheralDisable              
00008141  SysCtlPeripheralEnable               
0000807d  SysCtlPeripheralPowerOff             
00008041  SysCtlPeripheralPowerOn              
00007fc1  SysCtlPeripheralPresent              
00008001  SysCtlPeripheralReady                
000080b9  SysCtlPeripheralReset                
00008205  SysCtlPeripheralSleepDisable         
000081c1  SysCtlPeripheralSleepEnable          
000083fd  SysCtlReset                          
000084b9  SysCtlResetBehaviorGet               
000084a9  SysCtlResetBehaviorSet               
0000842f  SysCtlResetCauseClear                
00008429  SysCtlResetCauseGet                  
00007f63  SysCtlSRAMSizeGet                    
00008405  SysCtlSleep                          
000083d9  SysCtlSleepPowerSet                  
00008cd1  SysCtlUSBPLLDisable                  
00008cc5  SysCtlUSBPLLEnable                   
00008cfd  SysCtlVoltageEventClear              
00008cdd  SysCtlVoltageEventConfig             
00008ced  SysCtlVoltageEventStatus             
0000fc01  SysTickDisable                       
0000fbf5  SysTickEnable                        
0000e29d  SysTickHandler                       
0000fc45  SysTickIntDisable                    
0000fc39  SysTickIntEnable                     
0000fc0d  SysTickIntRegister                   
0000fc25  SysTickIntUnregister                 
0000fc63  SysTickPeriodGet                     
0000fc51  SysTickPeriodSet                     
0000fc6b  SysTickValueGet                      
0000f55d  Timer0IntHandler                     
0000d099  TimerADCEventGet                     
0000d087  TimerADCEventSet                     
0000cdb5  TimerClockSourceGet                  
0000cd99  TimerClockSourceSet                  
0000cb77  TimerConfigure                       
0000cc97  TimerControlEvent                    
0000cbf3  TimerControlLevel                    
0000ccc1  TimerControlStall                    
0000cc29  TimerControlTrigger                  
0000ccf7  TimerControlWaitOnTrigger            
0000d0b9  TimerDMAEventGet                     
0000d0a7  TimerDMAEventSet                     
0000cb59  TimerDisable                         
0000cb3b  TimerEnable                          
0000d063  TimerIntClear                        
0000d02d  TimerIntDisable                      
0000d015  TimerIntEnable                       
0000cfcf  TimerIntRegister                     
0000d045  TimerIntStatus                       
0000cff7  TimerIntUnregister                   
0000ce7f  TimerLoadGet                         
0000ceb9  TimerLoadGet64                       
0000ce55  TimerLoadSet                         
0000ce9b  TimerLoadSet64                       
0000cf63  TimerMatchGet                        
0000cf9d  TimerMatchGet64                      
0000cf39  TimerMatchSet                        
0000cf7f  TimerMatchSet64                      
0000cdef  TimerPrescaleGet                     
0000ce39  TimerPrescaleMatchGet                
0000ce0b  TimerPrescaleMatchSet                
0000cdc5  TimerPrescaleSet                     
0000cd6d  TimerRTCDisable                      
0000cd57  TimerRTCEnable                       
0000d075  TimerSynchronize                     
0000ceeb  TimerValueGet                        
0000cf07  TimerValueGet64                      
0000ca7b  UART9BitAddrSend                     
0000ca55  UART9BitAddrSet                      
0000ca3f  UART9BitDisable                      
0000ca29  UART9BitEnable                       
0000c8cf  UARTBreakCtl                         
0000c8f9  UARTBusy                             
0000c877  UARTCharGet                          
0000c85b  UARTCharGetNonBlocking               
0000c8b1  UARTCharPut                          
0000c88d  UARTCharPutNonBlocking               
0000c81f  UARTCharsAvail                       
0000ca19  UARTClockSourceGet                   
0000ca05  UARTClockSourceSet                   
0000c5e7  UARTConfigGetExpClk                  
0000c571  UARTConfigSetExpClk                  
0000c9cb  UARTDMADisable                       
0000c9b3  UARTDMAEnable                        
0000c657  UARTDisable                          
0000c6db  UARTDisableSIR                       
0000c633  UARTEnable                           
0000c6ad  UARTEnableSIR                        
0000c697  UARTFIFODisable                      
0000c681  UARTFIFOEnable                       
0000c549  UARTFIFOLevelGet                     
0000c531  UARTFIFOLevelSet                     
0000c7df  UARTFlowControlGet                   
0000c7c3  UARTFlowControlSet                   
0000c9a1  UARTIntClear                         
0000c96b  UARTIntDisable                       
0000c953  UARTIntEnable                        
0000c917  UARTIntRegister                      
0000c983  UARTIntStatus                        
0000c939  UARTIntUnregister                    
0000c779  UARTModemControlClear                
0000c79d  UARTModemControlGet                  
0000c739  UARTModemControlSet                  
0000c7af  UARTModemStatusGet                   
0000c51f  UARTParityModeGet                    
0000c503  UARTParityModeSet                    
0000c9f5  UARTRxErrorClear                     
0000c9e3  UARTRxErrorGet                       
0000c723  UARTSmartCardDisable                 
0000c6f1  UARTSmartCardEnable                  
0000c83d  UARTSpaceAvail                       
0000d5a9  UARTStdioConfig                      
0000c80d  UARTTxIntModeGet                     
0000c7f1  UARTTxIntModeSet                     
0000d6ef  UARTgetc                             
0000d635  UARTgets                             
0000da0f  UARTprintf                           
0000d715  UARTvprintf                          
0000d5ef  UARTwrite                            
0000fa91  ULPIConfigSet                        
0000fb33  ULPIPowerTransceiver                 
0000db01  USB0DualModeIntHandler               
000020fb  USB0HostIntHandler                   
0000dcd1  USB0OTGModeIntHandler                
0000690f  USBClockDisable                      
000068f3  USBClockEnable                       
000068df  USBControllerVersion                 
0000f299  USBDCDConfigDescGet                  
0000f24b  USBDCDConfigDescGetNum               
0000f213  USBDCDConfigDescGetSize              
0000f37b  USBDCDConfigGetInterface             
0000f3b1  USBDCDConfigGetInterfaceEndpoint     
0000f327  USBDCDConfigGetNumAlternateInterfaces
00006ccd  USBDCDDeviceInfoInit                 
00007061  USBDCDFeatureGet                     
00006f9d  USBDCDFeatureSet                     
00006d09  USBDCDInit                           
00006f3f  USBDCDPowerStatusSet                 
00007095  USBDCDRemoteWakeLPM                  
000070b5  USBDCDRemoteWakeupRequest            
00006ecf  USBDCDRequestDataEP0                 
00006ef5  USBDCDSendDataEP0                    
00006f17  USBDCDSetDefaultConfiguration        
00006f29  USBDCDStallEP0                       
00006e87  USBDCDTerm                           
00006a47  USBDMAChannelAddressGet              
00006a2b  USBDMAChannelAddressSet              
000069b1  USBDMAChannelConfigSet               
00006a7b  USBDMAChannelCountGet                
00006a5f  USBDMAChannelCountSet                
00006991  USBDMAChannelDisable                 
00006971  USBDMAChannelEnable                  
00006941  USBDMAChannelIntDisable              
00006921  USBDMAChannelIntEnable               
00006961  USBDMAChannelIntStatus               
000069e1  USBDMAChannelStatus                  
00006a01  USBDMAChannelStatusClear             
00006a93  USBDMANumChannels                    
0000f729  USBDescGet                           
0000f84d  USBDescGetInterface                  
0000f87b  USBDescGetInterfaceEndpoint          
0000f6cd  USBDescGetNum                        
0000f793  USBDescGetNumAlternateInterfaces     
00005d4d  USBDevAddrGet                        
00005d39  USBDevAddrSet                        
00005d0d  USBDevConnect                        
00005d23  USBDevDisconnect                     
00006083  USBDevEndpointConfigGet              
00005f91  USBDevEndpointConfigSet              
0000640d  USBDevEndpointDataAck                
00005c37  USBDevEndpointStall                  
00005c99  USBDevEndpointStallClear             
00005ab3  USBDevEndpointStatusClear            
00006bff  USBDevLPMConfig                      
00006c2d  USBDevLPMDisable                     
00006c15  USBDevLPMEnable                      
00006be7  USBDevLPMRemoteWake                  
00006847  USBDevMode                           
00005879  USBDevSpeedGet                       
0000ee7f  USBDeviceConfig                      
0000f075  USBDeviceConfigAlternate             
000071cd  USBDeviceEnumHandler                 
000072ed  USBDeviceEnumResetHandler            
00007cbd  USBDeviceIntHandlerInternal          
000070e9  USBDeviceResumeTickHandler           
0000db4d  USBDualModeInit                      
0000dbab  USBDualModeTerm                      
000067f9  USBEndpointDMAChannel                
0000623f  USBEndpointDMAConfigSet              
00006311  USBEndpointDMADisable                
000062d7  USBEndpointDMAEnable                 
0000634b  USBEndpointDataAvail                 
00006383  USBEndpointDataGet                   
0000647d  USBEndpointDataPut                   
000064e1  USBEndpointDataSend                  
00005bd1  USBEndpointDataToggleClear           
000068ab  USBEndpointPacketCountSet            
00005a3f  USBEndpointStatus                    
000067cf  USBFIFOAddrGet                       
000061d9  USBFIFOConfigGet                     
00006173  USBFIFOConfigSet                     
00006539  USBFIFOFlush                         
00006793  USBFrameNumberGet                    
00002701  USBHCDControlTransfer                
00002ad3  USBHCDDevAddress                     
00002afd  USBHCDDevClass                       
00002aaf  USBHCDDevHubPort                     
00002ba1  USBHCDDevProtocol                    
00002b55  USBHCDDevSubClass                    
0000041b  USBHCDEventDisable                   
000003eb  USBHCDEventEnable                    
0000e2d3  USBHCDEvents                         
00002bf1  USBHCDFeatureSet                     
0000283d  USBHCDHubDeviceConnected             
000028d5  USBHCDHubDeviceDisconnected          
000013ad  USBHCDInit                           
00002d39  USBHCDLPMResume                      
00002cdd  USBHCDLPMSleep                       
00002ca9  USBHCDLPMStatus                      
0000231d  USBHCDMain                           
0000084d  USBHCDPipeAlloc                      
000005f1  USBHCDPipeAllocSize                  
00000895  USBHCDPipeConfig                     
00000d65  USBHCDPipeDataAck                    
00000f85  USBHCDPipeFree                       
00000d95  USBHCDPipeRead                       
00000d1d  USBHCDPipeReadNonBlocking            
00000c0d  USBHCDPipeSchedule                   
00000a15  USBHCDPipeStatus                     
000005cb  USBHCDPipeTransferSizeGet            
00000a49  USBHCDPipeWrite                      
00001379  USBHCDPowerAutomatic                 
000012ed  USBHCDPowerConfigGet                 
000012d5  USBHCDPowerConfigInit                
0000130d  USBHCDPowerConfigSet                 
0000148d  USBHCDRegisterDrivers                
00001585  USBHCDReset                          
000015c3  USBHCDResume                         
00001781  USBHCDSetAddress                     
000018ad  USBHCDSetConfig                      
000018f5  USBHCDSetInterface                   
00001729  USBHCDStringDescriptorGet            
000015b7  USBHCDSuspend                        
000014dd  USBHCDTerm                           
0000bcb1  USBHHubClose                         
0000bc55  USBHHubEnumerationComplete           
0000bc77  USBHHubEnumerationError              
0000bcc5  USBHHubInit                          
0000bcdf  USBHHubLPMSleep                      
0000bced  USBHHubLPMStatus                     
0000ba29  USBHHubMain                          
0000bc99  USBHHubOpen                          
0000e93d  USBHMSCBlockRead                     
0000e991  USBHMSCBlockWrite                    
0000e91f  USBHMSCDriveClose                    
0000e8fd  USBHMSCDriveOpen                     
0000e7b3  USBHMSCDriveReady                    
0000e9db  USBHMSCLPMSleep                      
0000e9e9  USBHMSCLPMStatus                     
0000ea9d  USBHSCSIInquiry                      
0000eb9f  USBHSCSIModeSense6                   
0000eca5  USBHSCSIRead10                       
0000eb4d  USBHSCSIReadCapacities               
0000eaf5  USBHSCSIReadCapacity                 
0000ec49  USBHSCSIRequestSense                 
0000ebf7  USBHSCSITestUnitReady                
0000ed31  USBHSCSIWrite10                      
000057e7  USBHighSpeed                         
00006649  USBHostAddrGet                       
00006611  USBHostAddrSet                       
00001941  USBHostCheckPipes                    
00005d61  USBHostEndpointConfig                
0000644b  USBHostEndpointDataAck               
00005b35  USBHostEndpointDataToggle            
00005c0b  USBHostEndpointPing                  
00005efb  USBHostEndpointSpeed                 
00005a6b  USBHostEndpointStatusClear           
000066db  USBHostHubAddrGet                    
00006677  USBHostHubAddrSet                    
00001a01  USBHostIntHandlerInternal            
00006bab  USBHostLPMConfig                     
00006bcf  USBHostLPMResume                     
00006b63  USBHostLPMSend                       
00006835  USBHostMode                          
00006709  USBHostPwrConfig                     
0000677b  USBHostPwrDisable                    
00006763  USBHostPwrEnable                     
0000674b  USBHostPwrFaultDisable               
00006733  USBHostPwrFaultEnable                
000065a9  USBHostRequestIN                     
000065d1  USBHostRequestINClear                
000065ff  USBHostRequestStatus                 
000057b9  USBHostReset                         
00005815  USBHostResume                        
00005843  USBHostSpeedGet                      
000057a3  USBHostSuspend                       
00005891  USBIntDisableControl                 
00005955  USBIntDisableEndpoint                
000058cf  USBIntEnableControl                  
00005983  USBIntEnableEndpoint                 
00005a07  USBIntRegister                       
00005909  USBIntStatusControl                  
000059b1  USBIntStatusEndpoint                 
00005a25  USBIntUnregister                     
00006c59  USBLPMEndpointGet                    
00006cb3  USBLPMIntDisable                     
00006c99  USBLPMIntEnable                      
00006c89  USBLPMIntStatus                      
00006c45  USBLPMLinkStateGet                   
00006c6f  USBLPMRemoteWakeEnabled              
00009a03  USBLibDMAAddrGet                     
00009a33  USBLibDMAInit                        
00009a1b  USBLibDMASizeGet                     
0000686b  USBModeConfig                        
000067e5  USBModeGet                           
000068cb  USBNumEndpointsGet                   
0000de6f  USBOTGFeatureSet                     
0000ddd9  USBOTGMain                           
00006859  USBOTGMode                           
0000dbf5  USBOTGModeInit                       
0000dbcd  USBOTGModeTerm                       
0000dcad  USBOTGPollRate                       
000067a1  USBOTGSessionRequest                 
0000687f  USBPHYPowerOff                       
00006895  USBPHYPowerOn                        
0000dac5  USBStackModeSet                      
00006aa5  USBULPIConfig                        
00006ad3  USBULPIDisable                       
00006abb  USBULPIEnable                        
00006aeb  USBULPIRegRead                       
00006b23  USBULPIRegWrite                      
20001a60  __STACK_END                          
00000200  __STACK_SIZE                         
20001a60  __STACK_TOP                          
00000008  __SYSMEM_SIZE                        
00010708  __TI_CINIT_Base                      
00010720  __TI_CINIT_Limit                     
000106e8  __TI_Handler_Table_Base              
000106f4  __TI_Handler_Table_Limit             
0000fcf9  __TI_auto_init                       
20000314  __TI_cleanup_ptr                     
0000fd69  __TI_decompress_lzss                 
0000ff71  __TI_decompress_none                 
20000318  __TI_dtors_ptr                       
2000031c  __TI_enable_exit_profile_output      
ffffffff  __TI_pprof_out_hndl                  
ffffffff  __TI_prof_data_size                  
ffffffff  __TI_prof_data_start                 
00000000  __TI_static_base__                   
0000ff7f  __TI_zero_init                       
00005717  __aeabi_idiv0                        
0000fc7d  __aeabi_memclr                       
0000fc7d  __aeabi_memclr4                      
0000fc7d  __aeabi_memclr8                      
0000fb59  __aeabi_memcpy                       
0000fb59  __aeabi_memcpy4                      
0000fb59  __aeabi_memcpy8                      
0000fc7f  __aeabi_memset                       
0000fc7f  __aeabi_memset4                      
0000fc7f  __aeabi_memset8                      
0000fec5  __aeabi_uidiv                        
0000fec5  __aeabi_uidivmod                     
ffffffff  __binit__                            
ffffffff  __c_args__                           
0000cac3  __mpu_init                           
20001860  __stack                              
0000ff45  _args_main                           
0000fdd1  _c_int00                             
20000338  _lock                                
0000ff6b  _nop                                 
0000ff63  _register_lock                       
0000ff5d  _register_unlock                     
20000368  _sys_memory                          
0000d0c7  _system_post_cinit                   
0000ff9d  _system_pre_init                     
2000033c  _unlock                              
0000fe29  abort                                
ffffffff  binit                                
00003019  clust2sect                           
0000fe79  copy_in                              
0000f8a1  disk_initialize                      
0000f96b  disk_ioctl                           
0000f8e7  disk_read                            
0000f8cd  disk_status                          
0000f91b  disk_write                           
0000fe31  exit                                 
000054ab  f_chmod                              
00004b75  f_close                              
00004f6d  f_getfree                            
00004b95  f_lseek                              
000052c5  f_mkdir                              
00004317  f_mount                              
00004369  f_open                               
00004de3  f_opendir                            
00004581  f_read                               
00004e93  f_readdir                            
000055bf  f_rename                             
00004f1d  f_stat                               
00004a79  f_sync                               
000050cf  f_truncate                           
000051c3  f_unlink                             
0000553b  f_utime                              
000047d5  f_write                              
20000320  g_bUSBTimerInitialized               
200015ee  g_eOTGModeState                      
200015ef  g_eState                             
2000032c  g_iUSBMode                           
20001400  g_pHCDPool                           
20000acc  g_pcFilenames                        
20000000  g_pfnRAMVectors                      
20001574  g_pfnTickHandlers                    
00000000  g_pfnVectors                         
200015d8  g_ppsDevInfo                         
20001480  g_psDCDInst                          
20001800  g_psDMAControlTable                  
20000308  g_psMSCInstance                      
2000158c  g_pvTickInstance                     
00010644  g_sUSBEventDriver                    
00010654  g_sUSBHostMSCClassDriver             
20000324  g_ui32CurrentUSBTick                 
200015dc  g_ui32PollRate                       
20000328  g_ui32USBSOFCount                    
20000330  g_ui32WaitTicks                      
00003049  get_fat                              
0000f645  main                                 
2000035c  main_func_sp                         
0000fb59  memcpy                               
0000fc85  memset                               
20000358  newFile                              
0000316d  put_fat                              
0000d549  uDMAChannelAssign                    
0000d1c7  uDMAChannelAttributeDisable          
0000d173  uDMAChannelAttributeEnable           
0000d21b  uDMAChannelAttributeGet              
0000d28b  uDMAChannelControlSet                
0000d0ff  uDMAChannelDisable                   
0000d0e7  uDMAChannelEnable                    
0000d117  uDMAChannelIsEnabled                 
0000d499  uDMAChannelModeGet                   
0000d15b  uDMAChannelRequest                   
0000d3c5  uDMAChannelScatterGatherSet          
0000d4f3  uDMAChannelSelectDefault             
0000d4df  uDMAChannelSelectSecondary           
0000d451  uDMAChannelSizeGet                   
0000d2cd  uDMAChannelTransferSet               
0000d155  uDMAControlAlternateBaseGet          
0000d14f  uDMAControlBaseGet                   
0000d13f  uDMAControlBaseSet                   
0000d0d1  uDMADisable                          
0000d0c9  uDMAEnable                           
0000d0df  uDMAErrorStatusClear                 
0000d0d9  uDMAErrorStatusGet                   
0000d535  uDMAIntClear                         
0000d507  uDMAIntRegister                      
0000d52f  uDMAIntStatus                        
0000d51d  uDMAIntUnregister                    
200015e0  ui32DriveTimeout                     
200015e4  ui32SysClock                         
0000a0c9  ulocaltime                           
0000a2c7  umktime                              
0000a841  urand                                
0000e3af  usbCreateFile                        
0000e46f  usbDiskInit                          
0000e511  usbDiskMainLoop                      
0000e37f  usbEnableCreateFile                  
200015e8  usbPath                              
0000a099  usnprintf                            
0000a067  usprintf                             
0000a831  usrand                               
0000a7a9  ustrcasecmp                          
0000a81d  ustrcmp                              
0000a6ad  ustrlen                              
0000a705  ustrncasecmp                         
0000a7bd  ustrncmp                             
00009be5  ustrncpy                             
0000a6cf  ustrstr                              
0000a475  ustrtof                              
0000a33d  ustrtoul                             
00009c3d  uvsnprintf                           


GLOBAL SYMBOLS: SORTED BY Symbol Address 

address   name                                 
-------   ----                                 
00000000  __TI_static_base__                   
00000000  g_pfnVectors                         
00000008  __SYSMEM_SIZE                        
00000200  __STACK_SIZE                         
0000026d  ConfigDescAlloc                      
00000303  ConfigDescFree                       
000003eb  USBHCDEventEnable                    
0000041b  USBHCDEventDisable                   
000005cb  USBHCDPipeTransferSizeGet            
000005f1  USBHCDPipeAllocSize                  
0000084d  USBHCDPipeAlloc                      
00000895  USBHCDPipeConfig                     
00000a15  USBHCDPipeStatus                     
00000a49  USBHCDPipeWrite                      
00000c0d  USBHCDPipeSchedule                   
00000d1d  USBHCDPipeReadNonBlocking            
00000d65  USBHCDPipeDataAck                    
00000d95  USBHCDPipeRead                       
00000f85  USBHCDPipeFree                       
000012d5  USBHCDPowerConfigInit                
000012ed  USBHCDPowerConfigGet                 
0000130d  USBHCDPowerConfigSet                 
00001379  USBHCDPowerAutomatic                 
000013ad  USBHCDInit                           
0000148d  USBHCDRegisterDrivers                
000014dd  USBHCDTerm                           
00001585  USBHCDReset                          
000015b7  USBHCDSuspend                        
000015c3  USBHCDResume                         
00001729  USBHCDStringDescriptorGet            
00001781  USBHCDSetAddress                     
000018ad  USBHCDSetConfig                      
000018f5  USBHCDSetInterface                   
00001941  USBHostCheckPipes                    
00001a01  USBHostIntHandlerInternal            
000020fb  USB0HostIntHandler                   
000021e5  InternalUSBHCDSendEvent              
0000231d  USBHCDMain                           
00002701  USBHCDControlTransfer                
0000283d  USBHCDHubDeviceConnected             
000028d5  USBHCDHubDeviceDisconnected          
00002aaf  USBHCDDevHubPort                     
00002ad3  USBHCDDevAddress                     
00002afd  USBHCDDevClass                       
00002b55  USBHCDDevSubClass                    
00002ba1  USBHCDDevProtocol                    
00002bf1  USBHCDFeatureSet                     
00002ca9  USBHCDLPMStatus                      
00002cdd  USBHCDLPMSleep                       
00002d39  USBHCDLPMResume                      
00003019  clust2sect                           
00003049  get_fat                              
0000316d  put_fat                              
00004317  f_mount                              
00004369  f_open                               
00004581  f_read                               
000047d5  f_write                              
00004a79  f_sync                               
00004b75  f_close                              
00004b95  f_lseek                              
00004de3  f_opendir                            
00004e93  f_readdir                            
00004f1d  f_stat                               
00004f6d  f_getfree                            
000050cf  f_truncate                           
000051c3  f_unlink                             
000052c5  f_mkdir                              
000054ab  f_chmod                              
0000553b  f_utime                              
000055bf  f_rename                             
00005717  __aeabi_idiv0                        
000057a3  USBHostSuspend                       
000057b9  USBHostReset                         
000057e7  USBHighSpeed                         
00005815  USBHostResume                        
00005843  USBHostSpeedGet                      
00005879  USBDevSpeedGet                       
00005891  USBIntDisableControl                 
000058cf  USBIntEnableControl                  
00005909  USBIntStatusControl                  
00005955  USBIntDisableEndpoint                
00005983  USBIntEnableEndpoint                 
000059b1  USBIntStatusEndpoint                 
00005a07  USBIntRegister                       
00005a25  USBIntUnregister                     
00005a3f  USBEndpointStatus                    
00005a6b  USBHostEndpointStatusClear           
00005ab3  USBDevEndpointStatusClear            
00005b35  USBHostEndpointDataToggle            
00005bd1  USBEndpointDataToggleClear           
00005c0b  USBHostEndpointPing                  
00005c37  USBDevEndpointStall                  
00005c99  USBDevEndpointStallClear             
00005d0d  USBDevConnect                        
00005d23  USBDevDisconnect                     
00005d39  USBDevAddrSet                        
00005d4d  USBDevAddrGet                        
00005d61  USBHostEndpointConfig                
00005efb  USBHostEndpointSpeed                 
00005f91  USBDevEndpointConfigSet              
00006083  USBDevEndpointConfigGet              
00006173  USBFIFOConfigSet                     
000061d9  USBFIFOConfigGet                     
0000623f  USBEndpointDMAConfigSet              
000062d7  USBEndpointDMAEnable                 
00006311  USBEndpointDMADisable                
0000634b  USBEndpointDataAvail                 
00006383  USBEndpointDataGet                   
0000640d  USBDevEndpointDataAck                
0000644b  USBHostEndpointDataAck               
0000647d  USBEndpointDataPut                   
000064e1  USBEndpointDataSend                  
00006539  USBFIFOFlush                         
000065a9  USBHostRequestIN                     
000065d1  USBHostRequestINClear                
000065ff  USBHostRequestStatus                 
00006611  USBHostAddrSet                       
00006649  USBHostAddrGet                       
00006677  USBHostHubAddrSet                    
000066db  USBHostHubAddrGet                    
00006709  USBHostPwrConfig                     
00006733  USBHostPwrFaultEnable                
0000674b  USBHostPwrFaultDisable               
00006763  USBHostPwrEnable                     
0000677b  USBHostPwrDisable                    
00006793  USBFrameNumberGet                    
000067a1  USBOTGSessionRequest                 
000067cf  USBFIFOAddrGet                       
000067e5  USBModeGet                           
000067f9  USBEndpointDMAChannel                
00006835  USBHostMode                          
00006847  USBDevMode                           
00006859  USBOTGMode                           
0000686b  USBModeConfig                        
0000687f  USBPHYPowerOff                       
00006895  USBPHYPowerOn                        
000068ab  USBEndpointPacketCountSet            
000068cb  USBNumEndpointsGet                   
000068df  USBControllerVersion                 
000068f3  USBClockEnable                       
0000690f  USBClockDisable                      
00006921  USBDMAChannelIntEnable               
00006941  USBDMAChannelIntDisable              
00006961  USBDMAChannelIntStatus               
00006971  USBDMAChannelEnable                  
00006991  USBDMAChannelDisable                 
000069b1  USBDMAChannelConfigSet               
000069e1  USBDMAChannelStatus                  
00006a01  USBDMAChannelStatusClear             
00006a2b  USBDMAChannelAddressSet              
00006a47  USBDMAChannelAddressGet              
00006a5f  USBDMAChannelCountSet                
00006a7b  USBDMAChannelCountGet                
00006a93  USBDMANumChannels                    
00006aa5  USBULPIConfig                        
00006abb  USBULPIEnable                        
00006ad3  USBULPIDisable                       
00006aeb  USBULPIRegRead                       
00006b23  USBULPIRegWrite                      
00006b63  USBHostLPMSend                       
00006bab  USBHostLPMConfig                     
00006bcf  USBHostLPMResume                     
00006be7  USBDevLPMRemoteWake                  
00006bff  USBDevLPMConfig                      
00006c15  USBDevLPMEnable                      
00006c2d  USBDevLPMDisable                     
00006c45  USBLPMLinkStateGet                   
00006c59  USBLPMEndpointGet                    
00006c6f  USBLPMRemoteWakeEnabled              
00006c89  USBLPMIntStatus                      
00006c99  USBLPMIntEnable                      
00006cb3  USBLPMIntDisable                     
00006ccd  USBDCDDeviceInfoInit                 
00006d09  USBDCDInit                           
00006e87  USBDCDTerm                           
00006ecf  USBDCDRequestDataEP0                 
00006ef5  USBDCDSendDataEP0                    
00006f17  USBDCDSetDefaultConfiguration        
00006f29  USBDCDStallEP0                       
00006f3f  USBDCDPowerStatusSet                 
00006f9d  USBDCDFeatureSet                     
00007061  USBDCDFeatureGet                     
00007095  USBDCDRemoteWakeLPM                  
000070b5  USBDCDRemoteWakeupRequest            
000070e9  USBDeviceResumeTickHandler           
000071cd  USBDeviceEnumHandler                 
000072ed  USBDeviceEnumResetHandler            
00007cbd  USBDeviceIntHandlerInternal          
00007f63  SysCtlSRAMSizeGet                    
00007f6d  SysCtlFlashSizeGet                   
00007f99  SysCtlFlashSectorSizeGet             
00007fc1  SysCtlPeripheralPresent              
00008001  SysCtlPeripheralReady                
00008041  SysCtlPeripheralPowerOn              
0000807d  SysCtlPeripheralPowerOff             
000080b9  SysCtlPeripheralReset                
00008141  SysCtlPeripheralEnable               
0000817d  SysCtlPeripheralDisable              
000081c1  SysCtlPeripheralSleepEnable          
00008205  SysCtlPeripheralSleepDisable         
00008241  SysCtlPeripheralDeepSleepEnable      
00008291  SysCtlPeripheralDeepSleepDisable     
000082d9  SysCtlPeripheralClockGating          
0000832d  SysCtlIntRegister                    
00008345  SysCtlIntUnregister                  
00008355  SysCtlIntEnable                      
00008369  SysCtlIntDisable                     
00008381  SysCtlIntClear                       
00008391  SysCtlIntStatus                      
000083ad  SysCtlLDOSleepSet                    
000083bd  SysCtlLDOSleepGet                    
000083c3  SysCtlLDODeepSleepSet                
000083d3  SysCtlLDODeepSleepGet                
000083d9  SysCtlSleepPowerSet                  
000083ed  SysCtlDeepSleepPowerSet              
000083fd  SysCtlReset                          
00008405  SysCtlSleep                          
0000840d  SysCtlDeepSleep                      
00008429  SysCtlResetCauseGet                  
0000842f  SysCtlResetCauseClear                
00008443  SysCtlMOSCConfigSet                  
00008459  SysCtlPIOSCCalibrate                 
000084a9  SysCtlResetBehaviorSet               
000084b9  SysCtlResetBehaviorGet               
0000850d  SysCtlClockFreqSet                   
00008829  SysCtlClockSet                       
000089f9  SysCtlClockGet                       
00008b4d  SysCtlDeepSleepClockSet              
00008b6d  SysCtlDeepSleepClockConfigSet        
00008c21  SysCtlPWMClockSet                    
00008c3b  SysCtlPWMClockGet                    
00008c55  SysCtlADCSpeedSet                    
00008c7f  SysCtlADCSpeedGet                    
00008c8d  SysCtlGPIOAHBEnable                  
00008ca9  SysCtlGPIOAHBDisable                 
00008cc5  SysCtlUSBPLLEnable                   
00008cd1  SysCtlUSBPLLDisable                  
00008cdd  SysCtlVoltageEventConfig             
00008ced  SysCtlVoltageEventStatus             
00008cfd  SysCtlVoltageEventClear              
00008d15  SysCtlNMIStatus                      
00008d1b  SysCtlNMIClear                       
00008d2f  SysCtlClockOutConfig                 
00008d4b  SysCtlAltClkConfig                   
00009a03  USBLibDMAAddrGet                     
00009a1b  USBLibDMASizeGet                     
00009a33  USBLibDMAInit                        
00009be5  ustrncpy                             
00009c3d  uvsnprintf                           
0000a067  usprintf                             
0000a099  usnprintf                            
0000a0c9  ulocaltime                           
0000a2c7  umktime                              
0000a33d  ustrtoul                             
0000a475  ustrtof                              
0000a6ad  ustrlen                              
0000a6cf  ustrstr                              
0000a705  ustrncasecmp                         
0000a7a9  ustrcasecmp                          
0000a7bd  ustrncmp                             
0000a81d  ustrcmp                              
0000a831  usrand                               
0000a841  urand                                
0000a8cb  GPIODirModeSet                       
0000a927  GPIODirModeGet                       
0000a973  GPIOIntTypeSet                       
0000aa17  GPIOIntTypeGet                       
0000aab5  GPIOPadConfigSet                     
0000acef  GPIOPadConfigGet                     
0000ae41  GPIOIntEnable                        
0000ae5b  GPIOIntDisable                       
0000ae75  GPIOIntStatus                        
0000ae97  GPIOIntClear                         
0000aeab  GPIOIntRegister                      
0000aec9  GPIOIntUnregister                    
0000aee3  GPIOPinRead                          
0000aefb  GPIOPinWrite                         
0000af1b  GPIOPinTypeADC                       
0000af3f  GPIOPinTypeCAN                       
0000af63  GPIOPinTypeComparator                
0000af87  GPIOPinTypeEPI                       
0000afab  GPIOPinTypeEthernetLED               
0000afcf  GPIOPinTypeEthernetMII               
0000aff3  GPIOPinTypeFan                       
0000b017  GPIOPinTypeGPIOInput                 
0000b03b  GPIOPinTypeGPIOOutput                
0000b05f  GPIOPinTypeGPIOOutputOD              
0000b083  GPIOPinTypeI2C                       
0000b0a7  GPIOPinTypeI2CSCL                    
0000b0cb  GPIOPinTypeLCD                       
0000b0ef  GPIOPinTypeLPC                       
0000b113  GPIOPinTypePECIRx                    
0000b137  GPIOPinTypePECITx                    
0000b15b  GPIOPinTypePWM                       
0000b17f  GPIOPinTypeQEI                       
0000b1a3  GPIOPinTypeSSI                       
0000b1c7  GPIOPinTypeTimer                     
0000b1eb  GPIOPinTypeUART                      
0000b20f  GPIOPinTypeUSBAnalog                 
0000b233  GPIOPinTypeUSBDigital                
0000b257  GPIOPinTypeWakeHigh                  
0000b27d  GPIOPinTypeWakeLow                   
0000b2a3  GPIOPinTypeKBRow                     
0000b2c7  GPIOPinTypeKBColumn                  
0000b2eb  GPIOPinTypeLEDSeq                    
0000b30f  GPIOPinTypeCIR                       
0000b333  GPIOPinWakeStatus                    
0000b343  GPIOPinConfigure                     
0000b3a1  GPIODMATriggerEnable                 
0000b3bf  GPIODMATriggerDisable                
0000b3dd  GPIOADCTriggerEnable                 
0000b3fb  GPIOADCTriggerDisable                
0000ba29  USBHHubMain                          
0000bc55  USBHHubEnumerationComplete           
0000bc77  USBHHubEnumerationError              
0000bc99  USBHHubOpen                          
0000bcb1  USBHHubClose                         
0000bcc5  USBHHubInit                          
0000bcdf  USBHHubLPMSleep                      
0000bced  USBHHubLPMStatus                     
0000bd49  ADCIntRegister                       
0000bd71  ADCIntUnregister                     
0000bd8f  ADCIntDisable                        
0000bdab  ADCIntEnable                         
0000bdd1  ADCIntStatus                         
0000be29  ADCIntClear                          
0000be3f  ADCSequenceEnable                    
0000be59  ADCSequenceDisable                   
0000be73  ADCSequenceConfigure                 
0000bee5  ADCSequenceStepConfigure             
0000bfd3  ADCSequenceOverflow                  
0000bff1  ADCSequenceOverflowClear             
0000c007  ADCSequenceUnderflow                 
0000c01f  ADCSequenceUnderflowClear            
0000c035  ADCSequenceDataGet                   
0000c077  ADCProcessorTrigger                  
0000c09b  ADCSoftwareOversampleConfigure       
0000c0d3  ADCSoftwareOversampleStepConfigure   
0000c193  ADCSoftwareOversampleDataGet         
0000c201  ADCHardwareOversampleConfigure       
0000c233  ADCComparatorConfigure               
0000c24f  ADCComparatorRegionSet               
0000c273  ADCComparatorReset                   
0000c2b9  ADCComparatorIntDisable              
0000c2d7  ADCComparatorIntEnable               
0000c2f5  ADCComparatorIntStatus               
0000c303  ADCComparatorIntClear                
0000c315  ADCIntDisableEx                      
0000c32d  ADCIntEnableEx                       
0000c349  ADCIntStatusEx                       
0000c37b  ADCIntClearEx                        
0000c393  ADCReferenceSet                      
0000c3af  ADCReferenceGet                      
0000c3c1  ADCPhaseDelaySet                     
0000c3d3  ADCPhaseDelayGet                     
0000c3e1  ADCSequenceDMAEnable                 
0000c3fd  ADCSequenceDMADisable                
0000c419  ADCBusy                              
0000c437  ADCClockConfigSet                    
0000c461  ADCClockConfigGet                    
0000c503  UARTParityModeSet                    
0000c51f  UARTParityModeGet                    
0000c531  UARTFIFOLevelSet                     
0000c549  UARTFIFOLevelGet                     
0000c571  UARTConfigSetExpClk                  
0000c5e7  UARTConfigGetExpClk                  
0000c633  UARTEnable                           
0000c657  UARTDisable                          
0000c681  UARTFIFOEnable                       
0000c697  UARTFIFODisable                      
0000c6ad  UARTEnableSIR                        
0000c6db  UARTDisableSIR                       
0000c6f1  UARTSmartCardEnable                  
0000c723  UARTSmartCardDisable                 
0000c739  UARTModemControlSet                  
0000c779  UARTModemControlClear                
0000c79d  UARTModemControlGet                  
0000c7af  UARTModemStatusGet                   
0000c7c3  UARTFlowControlSet                   
0000c7df  UARTFlowControlGet                   
0000c7f1  UARTTxIntModeSet                     
0000c80d  UARTTxIntModeGet                     
0000c81f  UARTCharsAvail                       
0000c83d  UARTSpaceAvail                       
0000c85b  UARTCharGetNonBlocking               
0000c877  UARTCharGet                          
0000c88d  UARTCharPutNonBlocking               
0000c8b1  UARTCharPut                          
0000c8cf  UARTBreakCtl                         
0000c8f9  UARTBusy                             
0000c917  UARTIntRegister                      
0000c939  UARTIntUnregister                    
0000c953  UARTIntEnable                        
0000c96b  UARTIntDisable                       
0000c983  UARTIntStatus                        
0000c9a1  UARTIntClear                         
0000c9b3  UARTDMAEnable                        
0000c9cb  UARTDMADisable                       
0000c9e3  UARTRxErrorGet                       
0000c9f5  UARTRxErrorClear                     
0000ca05  UARTClockSourceSet                   
0000ca19  UARTClockSourceGet                   
0000ca29  UART9BitEnable                       
0000ca3f  UART9BitDisable                      
0000ca55  UART9BitAddrSet                      
0000ca7b  UART9BitAddrSend                     
0000cac3  __mpu_init                           
0000cb3b  TimerEnable                          
0000cb59  TimerDisable                         
0000cb77  TimerConfigure                       
0000cbf3  TimerControlLevel                    
0000cc29  TimerControlTrigger                  
0000cc97  TimerControlEvent                    
0000ccc1  TimerControlStall                    
0000ccf7  TimerControlWaitOnTrigger            
0000cd57  TimerRTCEnable                       
0000cd6d  TimerRTCDisable                      
0000cd99  TimerClockSourceSet                  
0000cdb5  TimerClockSourceGet                  
0000cdc5  TimerPrescaleSet                     
0000cdef  TimerPrescaleGet                     
0000ce0b  TimerPrescaleMatchSet                
0000ce39  TimerPrescaleMatchGet                
0000ce55  TimerLoadSet                         
0000ce7f  TimerLoadGet                         
0000ce9b  TimerLoadSet64                       
0000ceb9  TimerLoadGet64                       
0000ceeb  TimerValueGet                        
0000cf07  TimerValueGet64                      
0000cf39  TimerMatchSet                        
0000cf63  TimerMatchGet                        
0000cf7f  TimerMatchSet64                      
0000cf9d  TimerMatchGet64                      
0000cfcf  TimerIntRegister                     
0000cff7  TimerIntUnregister                   
0000d015  TimerIntEnable                       
0000d02d  TimerIntDisable                      
0000d045  TimerIntStatus                       
0000d063  TimerIntClear                        
0000d075  TimerSynchronize                     
0000d087  TimerADCEventSet                     
0000d099  TimerADCEventGet                     
0000d0a7  TimerDMAEventSet                     
0000d0b9  TimerDMAEventGet                     
0000d0c7  _system_post_cinit                   
0000d0c9  uDMAEnable                           
0000d0d1  uDMADisable                          
0000d0d9  uDMAErrorStatusGet                   
0000d0df  uDMAErrorStatusClear                 
0000d0e7  uDMAChannelEnable                    
0000d0ff  uDMAChannelDisable                   
0000d117  uDMAChannelIsEnabled                 
0000d13f  uDMAControlBaseSet                   
0000d14f  uDMAControlBaseGet                   
0000d155  uDMAControlAlternateBaseGet          
0000d15b  uDMAChannelRequest                   
0000d173  uDMAChannelAttributeEnable           
0000d1c7  uDMAChannelAttributeDisable          
0000d21b  uDMAChannelAttributeGet              
0000d28b  uDMAChannelControlSet                
0000d2cd  uDMAChannelTransferSet               
0000d3c5  uDMAChannelScatterGatherSet          
0000d451  uDMAChannelSizeGet                   
0000d499  uDMAChannelModeGet                   
0000d4df  uDMAChannelSelectSecondary           
0000d4f3  uDMAChannelSelectDefault             
0000d507  uDMAIntRegister                      
0000d51d  uDMAIntUnregister                    
0000d52f  uDMAIntStatus                        
0000d535  uDMAIntClear                         
0000d549  uDMAChannelAssign                    
0000d5a9  UARTStdioConfig                      
0000d5ef  UARTwrite                            
0000d635  UARTgets                             
0000d6ef  UARTgetc                             
0000d715  UARTvprintf                          
0000da0f  UARTprintf                           
0000dac5  USBStackModeSet                      
0000db01  USB0DualModeIntHandler               
0000db4d  USBDualModeInit                      
0000dbab  USBDualModeTerm                      
0000dbcd  USBOTGModeTerm                       
0000dbf5  USBOTGModeInit                       
0000dcad  USBOTGPollRate                       
0000dcd1  USB0OTGModeIntHandler                
0000ddb9  OTGDeviceDisconnect                  
0000ddd9  USBOTGMain                           
0000de6f  USBOTGFeatureSet                     
0000dec3  IntMasterEnable                      
0000ded3  IntMasterDisable                     
0000dee3  IntRegister                          
0000df35  IntUnregister                        
0000df49  IntPriorityGroupingSet               
0000df63  IntPriorityGroupingGet               
0000df9b  IntPrioritySet                       
0000dfeb  IntPriorityGet                       
0000e00f  IntEnable                            
0000e081  IntDisable                           
0000e0f3  IntIsEnabled                         
0000e179  IntPendSet                           
0000e1e9  IntPendClear                         
0000e237  IntPriorityMaskSet                   
0000e243  IntPriorityMaskGet                   
0000e24b  IntTrigger                           
0000e29d  SysTickHandler                       
0000e2d3  USBHCDEvents                         
0000e37f  usbEnableCreateFile                  
0000e3af  usbCreateFile                        
0000e46f  usbDiskInit                          
0000e511  usbDiskMainLoop                      
0000e7b3  USBHMSCDriveReady                    
0000e8fd  USBHMSCDriveOpen                     
0000e91f  USBHMSCDriveClose                    
0000e93d  USBHMSCBlockRead                     
0000e991  USBHMSCBlockWrite                    
0000e9db  USBHMSCLPMSleep                      
0000e9e9  USBHMSCLPMStatus                     
0000ea9d  USBHSCSIInquiry                      
0000eaf5  USBHSCSIReadCapacity                 
0000eb4d  USBHSCSIReadCapacities               
0000eb9f  USBHSCSIModeSense6                   
0000ebf7  USBHSCSITestUnitReady                
0000ec49  USBHSCSIRequestSense                 
0000eca5  USBHSCSIRead10                       
0000ed31  USBHSCSIWrite10                      
0000ee7f  USBDeviceConfig                      
0000f075  USBDeviceConfigAlternate             
0000f213  USBDCDConfigDescGetSize              
0000f24b  USBDCDConfigDescGetNum               
0000f299  USBDCDConfigDescGet                  
0000f327  USBDCDConfigGetNumAlternateInterfaces
0000f37b  USBDCDConfigGetInterface             
0000f3b1  USBDCDConfigGetInterfaceEndpoint     
0000f421  InitConsole                          
0000f45d  ADCInit                              
0000f537  ADC0SS1IntHandler                    
0000f55d  Timer0IntHandler                     
0000f569  SW1_IntHandler                       
0000f5fd  InitSW1                              
0000f645  main                                 
0000f6cd  USBDescGetNum                        
0000f729  USBDescGet                           
0000f793  USBDescGetNumAlternateInterfaces     
0000f84d  USBDescGetInterface                  
0000f87b  USBDescGetInterfaceEndpoint          
0000f8a1  disk_initialize                      
0000f8cd  disk_status                          
0000f8e7  disk_read                            
0000f91b  disk_write                           
0000f96b  disk_ioctl                           
0000f9a5  InternalUSBTickInit                  
0000f9e3  InternalUSBTickReset                 
0000f9eb  InternalUSBRegisterTickHandler       
0000fa3b  InternalUSBStartOfFrameTick          
0000fa91  ULPIConfigSet                        
0000fb33  ULPIPowerTransceiver                 
0000fb59  __aeabi_memcpy                       
0000fb59  __aeabi_memcpy4                      
0000fb59  __aeabi_memcpy8                      
0000fb59  memcpy                               
0000fbf5  SysTickEnable                        
0000fc01  SysTickDisable                       
0000fc0d  SysTickIntRegister                   
0000fc25  SysTickIntUnregister                 
0000fc39  SysTickIntEnable                     
0000fc45  SysTickIntDisable                    
0000fc51  SysTickPeriodSet                     
0000fc63  SysTickPeriodGet                     
0000fc6b  SysTickValueGet                      
0000fc7d  __aeabi_memclr                       
0000fc7d  __aeabi_memclr4                      
0000fc7d  __aeabi_memclr8                      
0000fc7f  __aeabi_memset                       
0000fc7f  __aeabi_memset4                      
0000fc7f  __aeabi_memset8                      
0000fc85  memset                               
0000fcf9  __TI_auto_init                       
0000fd69  __TI_decompress_lzss                 
0000fdd1  _c_int00                             
0000fe25  C$$EXIT                              
0000fe29  abort                                
0000fe31  exit                                 
0000fe79  copy_in                              
0000fec5  __aeabi_uidiv                        
0000fec5  __aeabi_uidivmod                     
0000ff05  CPUcpsid                             
0000ff11  CPUprimask                           
0000ff1b  CPUcpsie                             
0000ff27  CPUwfi                               
0000ff2b  CPUbasepriSet                        
0000ff39  CPUbasepriGet                        
0000ff45  _args_main                           
0000ff5d  _register_unlock                     
0000ff63  _register_lock                       
0000ff6b  _nop                                 
0000ff71  __TI_decompress_none                 
0000ff7f  __TI_zero_init                       
0000ff8b  ResetISR                             
0000ff97  SysCtlDelay                          
0000ff9d  _system_pre_init                     
00010644  g_sUSBEventDriver                    
00010654  g_sUSBHostMSCClassDriver             
000106e8  __TI_Handler_Table_Base              
000106f4  __TI_Handler_Table_Limit             
00010708  __TI_CINIT_Base                      
00010720  __TI_CINIT_Limit                     
20000000  g_pfnRAMVectors                      
20000308  g_psMSCInstance                      
20000314  __TI_cleanup_ptr                     
20000318  __TI_dtors_ptr                       
2000031c  __TI_enable_exit_profile_output      
20000320  g_bUSBTimerInitialized               
20000324  g_ui32CurrentUSBTick                 
20000328  g_ui32USBSOFCount                    
2000032c  g_iUSBMode                           
20000330  g_ui32WaitTicks                      
20000338  _lock                                
2000033c  _unlock                              
20000358  newFile                              
2000035c  main_func_sp                         
20000368  _sys_memory                          
20000acc  g_pcFilenames                        
20001400  g_pHCDPool                           
20001480  g_psDCDInst                          
20001574  g_pfnTickHandlers                    
2000158c  g_pvTickInstance                     
200015d4  ADC_OUT                              
200015d8  g_ppsDevInfo                         
200015dc  g_ui32PollRate                       
200015e0  ui32DriveTimeout                     
200015e4  ui32SysClock                         
200015e8  usbPath                              
200015ee  g_eOTGModeState                      
200015ef  g_eState                             
20001800  g_psDMAControlTable                  
20001860  __stack                              
20001a60  __STACK_END                          
20001a60  __STACK_TOP                          
ffffffff  __TI_pprof_out_hndl                  
ffffffff  __TI_prof_data_size                  
ffffffff  __TI_prof_data_start                 
ffffffff  __binit__                            
ffffffff  __c_args__                           
ffffffff  binit                                
UNDEFED   SHT$$INIT_ARRAY$$Base                
UNDEFED   SHT$$INIT_ARRAY$$Limit               

[646 symbols]
